Copyright 1986-2022 Xilinx, Inc. All Rights Reserved. Copyright 2022-2023 Advanced Micro Devices, Inc. All Rights Reserved.
---------------------------------------------------------------------------------------------------------------------------------------------
| Tool Version : Vivado v.2023.2 (win64) Build 4029153 Fri Oct 13 20:14:34 MDT 2023
| Date         : Tue Dec  5 13:35:29 2023
| Host         : DippeePrime running 64-bit major release  (build 9200)
| Command      : report_control_sets -verbose -file topBrain_control_sets_placed.rpt
| Design       : topBrain
| Device       : xc7a35t
---------------------------------------------------------------------------------------------------------------------------------------------

Control Set Information

Table of Contents
-----------------
1. Summary
2. Histogram
3. Flip-Flop Distribution
4. Detailed Control Set Information

1. Summary
----------

+----------------------------------------------------------+-------+
|                          Status                          | Count |
+----------------------------------------------------------+-------+
| Total control sets                                       |    24 |
|    Minimum number of control sets                        |    24 |
|    Addition due to synthesis replication                 |     0 |
|    Addition due to physical synthesis replication        |     0 |
| Unused register locations in slices containing registers |    40 |
+----------------------------------------------------------+-------+
* Control sets can be merged at opt_design using control_set_merge or merge_equivalent_drivers
** Run report_qor_suggestions for automated merging and remapping suggestions


2. Histogram
------------

+--------------------+-------+
|       Fanout       | Count |
+--------------------+-------+
| Total control sets |    24 |
| >= 0 to < 4        |     0 |
| >= 4 to < 6        |     4 |
| >= 6 to < 8        |     0 |
| >= 8 to < 10       |     0 |
| >= 10 to < 12      |     0 |
| >= 12 to < 14      |     4 |
| >= 14 to < 16      |     1 |
| >= 16              |    15 |
+--------------------+-------+
* Control sets can be remapped at either synth_design or opt_design


3. Flip-Flop Distribution
-------------------------

+--------------+-----------------------+------------------------+-----------------+--------------+
| Clock Enable | Synchronous Set/Reset | Asynchronous Set/Reset | Total Registers | Total Slices |
+--------------+-----------------------+------------------------+-----------------+--------------+
| No           | No                    | No                     |              12 |            5 |
| No           | No                    | Yes                    |               0 |            0 |
| No           | Yes                   | No                     |               0 |            0 |
| Yes          | No                    | No                     |             453 |          171 |
| Yes          | No                    | Yes                    |               0 |            0 |
| Yes          | Yes                   | No                     |              95 |           43 |
+--------------+-----------------------+------------------------+-----------------+--------------+


4. Detailed Control Set Information
-----------------------------------

+----------------+--------------------------------------------------+-----------------------------------+------------------+----------------+--------------+
|  Clock Signal  |                   Enable Signal                  |          Set/Reset Signal         | Slice Load Count | Bel Load Count | Bels / Slice |
+----------------+--------------------------------------------------+-----------------------------------+------------------+----------------+--------------+
|  CLK_IBUF_BUFG | pwmMapSlave/ch1conv[8]_i_1_n_0                   | pwmMapSlave/ch1conv[-14]_i_1_n_0  |                2 |              4 |         2.00 |
|  CLK_IBUF_BUFG | pwmMapSlave/ch2conv[8]_i_1_n_0                   | pwmMapSlave/ch2conv[-14]_i_1_n_0  |                3 |              4 |         1.33 |
|  CLK_IBUF_BUFG | matrixReloaded/r0state                           |                                   |                1 |              4 |         4.00 |
|  CLK_IBUF_BUFG | pwmMapSlave/eqOp                                 | pwmMapSlave/ch0conv[-14]_i_1_n_0  |                3 |              4 |         1.33 |
|  CLK_IBUF_BUFG |                                                  |                                   |                5 |             12 |         2.40 |
|  CLK_IBUF_BUFG | pwmMapSlave/ch1conv[8]_i_1_n_0                   | pwmMapSlave/ch1conv[6]_i_1_n_0    |                7 |             12 |         1.71 |
|  CLK_IBUF_BUFG | pwmMapSlave/ch2conv[8]_i_1_n_0                   | pwmMapSlave/ch2conv[6]_i_1_n_0    |                6 |             12 |         2.00 |
|  CLK_IBUF_BUFG | pwmMapSlave/eqOp                                 | pwmMapSlave/ch0conv[6]_i_1_n_0    |                7 |             12 |         1.71 |
|  CLK_IBUF_BUFG | pwmMapSlave/ch3conv                              | pwmMapSlave/ch3conv[-8]_i_1_n_0   |                8 |             15 |         1.88 |
|  CLK_IBUF_BUFG | pwmMapSlave/ch3conv                              |                                   |               10 |             23 |         2.30 |
|  CLK_IBUF_BUFG | pwmMapSlave/ch1conv[8]_i_1_n_0                   |                                   |               12 |             24 |         2.00 |
|  CLK_IBUF_BUFG | pwmMapSlave/ch2conv[8]_i_1_n_0                   |                                   |               14 |             24 |         1.71 |
|  CLK_IBUF_BUFG | pwmMapSlave/eqOp                                 |                                   |               13 |             24 |         1.85 |
|  CLK_IBUF_BUFG | matrixReloaded/tempRes[8]_i_2_n_0                | matrixReloaded/tempRes[8]_i_1_n_0 |                7 |             32 |         4.57 |
|  CLK_IBUF_BUFG | matrixReloaded/temp                              |                                   |                6 |             32 |         5.33 |
|  CLK_IBUF_BUFG | matrixReloaded/ch2[8]_i_1_n_0                    |                                   |               11 |             32 |         2.91 |
|  CLK_IBUF_BUFG | matrixReloaded/ch1[8]_i_1_n_0                    |                                   |               15 |             32 |         2.13 |
|  CLK_IBUF_BUFG | matrixReloaded/c1                                |                                   |               11 |             32 |         2.91 |
|  CLK_IBUF_BUFG | matrixReloaded/c0                                |                                   |               10 |             32 |         3.20 |
|  CLK_IBUF_BUFG | matrixReloaded/c2                                |                                   |               11 |             32 |         2.91 |
|  CLK_IBUF_BUFG | matrixReloaded/c3                                |                                   |                8 |             32 |         4.00 |
|  CLK_IBUF_BUFG | matrixReloaded/ch0[8]_i_1_n_0                    |                                   |                8 |             32 |         4.00 |
| ~CLK_IBUF_BUFG | matrixReloaded/fpuCalculations/output[8]_i_1_n_0 |                                   |               11 |             32 |         2.91 |
|  CLK_IBUF_BUFG | matrixReloaded/data0[8]_i_1_n_0                  |                                   |               30 |             66 |         2.20 |
+----------------+--------------------------------------------------+-----------------------------------+------------------+----------------+--------------+


