#-----------------------------------------------------------
# Vivado v2023.1 (64-bit)
# SW Build 3865809 on Sun May  7 15:05:29 MDT 2023
# IP Build 3864474 on Sun May  7 20:36:21 MDT 2023
# SharedData Build 3865790 on Sun May 07 13:33:03 MDT 2023
# Start of session at: Tue Oct 31 11:41:59 2023
# Process ID: 22484
# Current directory: C:/Users/Ditte/repo/esd3/project/ESD3-Projekt/pwmCalTest
# Command line: vivado.exe -gui_launcher_event rodinguilauncherevent5340 C:\Users\Ditte\repo\esd3\project\ESD3-Projekt\pwmCalTest\pwmCalTest.xpr
# Log file: C:/Users/Ditte/repo/esd3/project/ESD3-Projekt/pwmCalTest/vivado.log
# Journal file: C:/Users/Ditte/repo/esd3/project/ESD3-Projekt/pwmCalTest\vivado.jou
# Running On: DippeePrime, OS: Windows, CPU Frequency: 3110 MHz, CPU Physical cores: 12, Host memory: 16892 MB
#-----------------------------------------------------------
start_gui
open_project C:/Users/Ditte/repo/esd3/project/ESD3-Projekt/pwmCalTest/pwmCalTest.xpr
launch_simulation
source testOfCalibration.tcl
restart
add_force {/testOfCalibration/ready} -radix bin {1 0ns}
add_force {/testOfCalibration/CLK} -radix bin {1 0ns} {0 41666ps} -repeat_every 83333ps
run 1 s
run 1 s
run 5 s
run 3 s
run 1 s
close_sim
launch_simulation
source testOfCalibration.tcl
restart
add_force {/testOfCalibration/ready} -radix bin {1 0ns}
add_force {/testOfCalibration/CLK} -radix bin {1 0ns} {0 41665ps} -repeat_every 83330ps
run 1 s
run 10 s
close_sim
