#-----------------------------------------------------------
# Vivado v2023.2 (64-bit)
# SW Build 4029153 on Fri Oct 13 20:14:34 MDT 2023
# IP Build 4028589 on Sat Oct 14 00:45:43 MDT 2023
# SharedData Build 4025554 on Tue Oct 10 17:18:54 MDT 2023
# Start of session at: Fri Nov  3 12:33:25 2023
# Process ID: 5960
# Current directory: C:/Users/Ditte/repo/esd3/project/ESD3-Projekt/EcsPwmCalibration
# Command line: vivado.exe -gui_launcher_event rodinguilauncherevent852 C:\Users\Ditte\repo\esd3\project\ESD3-Projekt\EcsPwmCalibration\EcsPwmCalibration.xpr
# Log file: C:/Users/Ditte/repo/esd3/project/ESD3-Projekt/EcsPwmCalibration/vivado.log
# Journal file: C:/Users/Ditte/repo/esd3/project/ESD3-Projekt/EcsPwmCalibration\vivado.jou
# Running On: DippeePrime, OS: Windows, CPU Frequency: 3110 MHz, CPU Physical cores: 12, Host memory: 16892 MB
#-----------------------------------------------------------
start_gui
open_project C:/Users/Ditte/repo/esd3/project/ESD3-Projekt/EcsPwmCalibration/EcsPwmCalibration.xpr
update_compile_order -fileset sources_1
launch_simulation
launch_simulation
launch_simulation
launch_simulation
source testOfCalibration.tcl
restart
add_force {/testOfCalibration/ready} -radix bin {1 0ns}
add_force {/testOfCalibration/CLK} -radix bin {1 0ns} {0 41666ps} -repeat_every 83333ps
run 6 s
add_bp {C:/Users/Ditte/repo/esd3/project/ESD3-Projekt/EcsPwmCalibration/EcsPwmCalibration.srcs/sources_1/imports/new/top2.vhd} 74
run 6 s
add_bp {C:/Users/Ditte/repo/esd3/project/ESD3-Projekt/EcsPwmCalibration/EcsPwmCalibration.srcs/sources_1/imports/new/top2.vhd} 84
run 6 s
add_bp {C:/Users/Ditte/repo/esd3/project/ESD3-Projekt/EcsPwmCalibration/EcsPwmCalibration.srcs/sources_1/imports/new/top2.vhd} 93
run 6 s
run 6 s
remove_bps -file {C:/Users/Ditte/repo/esd3/project/ESD3-Projekt/EcsPwmCalibration/EcsPwmCalibration.srcs/sources_1/imports/new/top2.vhd} -line 74
remove_bps -file {C:/Users/Ditte/repo/esd3/project/ESD3-Projekt/EcsPwmCalibration/EcsPwmCalibration.srcs/sources_1/imports/new/top2.vhd} -line 84
remove_bps -file {C:/Users/Ditte/repo/esd3/project/ESD3-Projekt/EcsPwmCalibration/EcsPwmCalibration.srcs/sources_1/imports/new/top2.vhd} -line 93
remove_bps -file {C:/Users/Ditte/repo/esd3/project/ESD3-Projekt/EcsPwmCalibration/EcsPwmCalibration.srcs/sources_1/imports/new/top2.vhd} -line 96
add_bp {C:/Users/Ditte/repo/esd3/project/ESD3-Projekt/EcsPwmCalibration/EcsPwmCalibration.srcs/sources_1/imports/new/top2.vhd} 96
remove_bps -file {C:/Users/Ditte/repo/esd3/project/ESD3-Projekt/EcsPwmCalibration/EcsPwmCalibration.srcs/sources_1/imports/new/top2.vhd} -line 97
remove_bps -file {C:/Users/Ditte/repo/esd3/project/ESD3-Projekt/EcsPwmCalibration/EcsPwmCalibration.srcs/sources_1/imports/new/top2.vhd} -line 98
remove_bps -file {C:/Users/Ditte/repo/esd3/project/ESD3-Projekt/EcsPwmCalibration/EcsPwmCalibration.srcs/sources_1/imports/new/top2.vhd} -line 99
remove_bps -file {C:/Users/Ditte/repo/esd3/project/ESD3-Projekt/EcsPwmCalibration/EcsPwmCalibration.srcs/sources_1/imports/new/top2.vhd} -line 96
add_bp {C:/Users/Ditte/repo/esd3/project/ESD3-Projekt/EcsPwmCalibration/EcsPwmCalibration.srcs/sources_1/imports/new/top2.vhd} 96
run 6 s
remove_bps -file {C:/Users/Ditte/repo/esd3/project/ESD3-Projekt/EcsPwmCalibration/EcsPwmCalibration.srcs/sources_1/imports/new/top2.vhd} -line 96
run 6 s
close_sim
launch_simulation
launch_simulation
launch_simulation
source testOfCalibration.tcl
restart
add_force {/testOfCalibration/ready} -radix bin {1 0ns}
add_force {/testOfCalibration/CLK} -radix bin {1 0ns} {0 41666ps} -repeat_every 83333ps
run 6 s
add_bp {C:/Users/Ditte/repo/esd3/project/ESD3-Projekt/EcsPwmCalibration/EcsPwmCalibration.srcs/sources_1/imports/new/top2.vhd} 76
add_bp {C:/Users/Ditte/repo/esd3/project/ESD3-Projekt/EcsPwmCalibration/EcsPwmCalibration.srcs/sources_1/imports/new/pwmModule.vhd} 57
close_sim
launch_simulation
source testOfCalibration.tcl
restart
add_force {/testOfCalibration/ready} -radix bin {1 0ns}
add_force {/testOfCalibration/CLK} -radix bin {1 0ns} {0 41666ps} -repeat_every 83333ps
run 6 s
run 6 s
remove_bps -file {C:/Users/Ditte/repo/esd3/project/ESD3-Projekt/EcsPwmCalibration/EcsPwmCalibration.srcs/sources_1/imports/new/pwmModule.vhd} -line 57
run 6 s
add_bp {C:/Users/Ditte/repo/esd3/project/ESD3-Projekt/EcsPwmCalibration/EcsPwmCalibration.srcs/sources_1/imports/new/top2.vhd} 73
run 6 s
remove_bps -file {C:/Users/Ditte/repo/esd3/project/ESD3-Projekt/EcsPwmCalibration/EcsPwmCalibration.srcs/sources_1/imports/new/top2.vhd} -line 73
add_bp {C:/Users/Ditte/repo/esd3/project/ESD3-Projekt/EcsPwmCalibration/EcsPwmCalibration.srcs/sources_1/imports/new/top2.vhd} 74
run 6 s
remove_bps -file {C:/Users/Ditte/repo/esd3/project/ESD3-Projekt/EcsPwmCalibration/EcsPwmCalibration.srcs/sources_1/imports/new/top2.vhd} -line 74
add_bp {C:/Users/Ditte/repo/esd3/project/ESD3-Projekt/EcsPwmCalibration/EcsPwmCalibration.srcs/sources_1/imports/new/top2.vhd} 75
run 6 s
add_bp {C:/Users/Ditte/repo/esd3/project/ESD3-Projekt/EcsPwmCalibration/EcsPwmCalibration.srcs/sources_1/imports/new/top2.vhd} 74
run 6 s
remove_bps -file {C:/Users/Ditte/repo/esd3/project/ESD3-Projekt/EcsPwmCalibration/EcsPwmCalibration.srcs/sources_1/imports/new/top2.vhd} -line 74
run 6 s
close_sim
launch_simulation
source testOfCalibration.tcl
restart
add_force {/testOfCalibration/ready} -radix bin {1 0ns}
add_force {/testOfCalibration/CLK} -radix bin {1 0ns} {0 41666ps} -repeat_every 83333ps
run 6 s
close_sim
launch_simulation
source testOfCalibration.tcl
restart
add_force {/testOfCalibration/ready} -radix bin {1 0ns}
add_force {/testOfCalibration/CLK} -radix bin {1 0ns} {0 41666ps} -repeat_every 83333ps
run 6 s
remove_bps -file {C:/Users/Ditte/repo/esd3/project/ESD3-Projekt/EcsPwmCalibration/EcsPwmCalibration.srcs/sources_1/imports/new/top2.vhd} -line 75
remove_bps -file {C:/Users/Ditte/repo/esd3/project/ESD3-Projekt/EcsPwmCalibration/EcsPwmCalibration.srcs/sources_1/imports/new/top2.vhd} -line 76
run 6 s
add_bp {C:/Users/Ditte/repo/esd3/project/ESD3-Projekt/EcsPwmCalibration/EcsPwmCalibration.srcs/sources_1/imports/new/top2.vhd} 85
add_bp {C:/Users/Ditte/repo/esd3/project/ESD3-Projekt/EcsPwmCalibration/EcsPwmCalibration.srcs/sources_1/imports/new/top2.vhd} 91
run all
remove_bps -file {C:/Users/Ditte/repo/esd3/project/ESD3-Projekt/EcsPwmCalibration/EcsPwmCalibration.srcs/sources_1/imports/new/top2.vhd} -line 85
add_bp {C:/Users/Ditte/repo/esd3/project/ESD3-Projekt/EcsPwmCalibration/EcsPwmCalibration.srcs/sources_1/imports/new/top2.vhd} 81
run all
remove_bps -file {C:/Users/Ditte/repo/esd3/project/ESD3-Projekt/EcsPwmCalibration/EcsPwmCalibration.srcs/sources_1/imports/new/top2.vhd} -line 91
add_bp {C:/Users/Ditte/repo/esd3/project/ESD3-Projekt/EcsPwmCalibration/EcsPwmCalibration.srcs/sources_1/imports/new/top2.vhd} 93
run all
remove_bps -file {C:/Users/Ditte/repo/esd3/project/ESD3-Projekt/EcsPwmCalibration/EcsPwmCalibration.srcs/sources_1/imports/new/top2.vhd} -line 93
remove_bps -file {C:/Users/Ditte/repo/esd3/project/ESD3-Projekt/EcsPwmCalibration/EcsPwmCalibration.srcs/sources_1/imports/new/top2.vhd} -line 81
close_sim
launch_simulation
source testOfCalibration.tcl
restart
add_force {/testOfCalibration/ready} -radix bin {1 0ns}
add_force {/testOfCalibration/CLK} -radix bin {1 0ns} {0 41666ps} -repeat_every 83333ps
run 6 s
add_bp {C:/Users/Ditte/repo/esd3/project/ESD3-Projekt/EcsPwmCalibration/EcsPwmCalibration.srcs/sources_1/imports/new/top2.vhd} 78
run all
restart
add_force {/testOfCalibration/reset} -radix bin {1 0ns}
add_force {/testOfCalibration/CLK} -radix bin {1 0ns} {0 41666ps} -repeat_every 83333ps
run 6 s
remove_bps -file {C:/Users/Ditte/repo/esd3/project/ESD3-Projekt/EcsPwmCalibration/EcsPwmCalibration.srcs/sources_1/imports/new/top2.vhd} -line 78
add_bp {C:/Users/Ditte/repo/esd3/project/ESD3-Projekt/EcsPwmCalibration/EcsPwmCalibration.srcs/sources_1/imports/new/top2.vhd} 87
run 6 s
remove_bps -file {C:/Users/Ditte/repo/esd3/project/ESD3-Projekt/EcsPwmCalibration/EcsPwmCalibration.srcs/sources_1/imports/new/top2.vhd} -line 87
close_sim
launch_simulation
source testOfCalibration.tcl
restart
add_force {/testOfCalibration/reset} -radix bin {1 0ns}
add_force {/testOfCalibration/CLK} -radix bin {1 0ns} {0 41666ps} -repeat_every 83333ps
run 6 s
run 6 s
add_bp {C:/Users/Ditte/repo/esd3/project/ESD3-Projekt/EcsPwmCalibration/EcsPwmCalibration.srcs/sources_1/imports/new/top2.vhd} 78
run all
add_bp {C:/Users/Ditte/repo/esd3/project/ESD3-Projekt/EcsPwmCalibration/EcsPwmCalibration.srcs/sources_1/imports/new/top2.vhd} 81
run all
remove_bps -file {C:/Users/Ditte/repo/esd3/project/ESD3-Projekt/EcsPwmCalibration/EcsPwmCalibration.srcs/sources_1/imports/new/top2.vhd} -line 78
run all
close_sim
launch_simulation
source testOfCalibration.tcl
restart
add_force {/testOfCalibration/reset} -radix bin {1 0ns}
add_force {/testOfCalibration/CLK} -radix bin {1 0ns} {0 41666ps} -repeat_every 83333ps
run 6 s
remove_bps -file {C:/Users/Ditte/repo/esd3/project/ESD3-Projekt/EcsPwmCalibration/EcsPwmCalibration.srcs/sources_1/imports/new/top2.vhd} -line 81
run 6 s
run all
add_bp {C:/Users/Ditte/repo/esd3/project/ESD3-Projekt/EcsPwmCalibration/EcsPwmCalibration.srcs/sources_1/imports/new/top2.vhd} 87
close_sim
