#-----------------------------------------------------------
# Vivado v2023.1 (64-bit)
# SW Build 3865809 on Sun May  7 15:05:29 MDT 2023
# IP Build 3864474 on Sun May  7 20:36:21 MDT 2023
# SharedData Build 3865790 on Sun May 07 13:33:03 MDT 2023
# Start of session at: Mon Dec 11 16:53:27 2023
# Process ID: 41780
# Current directory: C:/Users/Christian Lykke/Documents/Skole/Aalborg Universitet/ESD3/ESD3-Projekt/integration/integration_i2c_pwmGen_pwmCal_mem.runs/synth_1
# Command line: vivado.exe -log flightController.vds -product Vivado -mode batch -messageDb vivado.pb -notrace -source flightController.tcl
# Log file: C:/Users/Christian Lykke/Documents/Skole/Aalborg Universitet/ESD3/ESD3-Projekt/integration/integration_i2c_pwmGen_pwmCal_mem.runs/synth_1/flightController.vds
# Journal file: C:/Users/Christian Lykke/Documents/Skole/Aalborg Universitet/ESD3/ESD3-Projekt/integration/integration_i2c_pwmGen_pwmCal_mem.runs/synth_1\vivado.jou
# Running On: LAPTOP-RKFHNDQJ, OS: Windows, CPU Frequency: 2808 MHz, CPU Physical cores: 4, Host memory: 34246 MB
#-----------------------------------------------------------
source flightController.tcl -notrace
