#-----------------------------------------------------------
# Vivado v2023.1.1 (64-bit)
# SW Build 3900603 on Fri Jun 16 19:30:25 MDT 2023
# IP Build 3900379 on Sat Jun 17 05:28:05 MDT 2023
# SharedData Build 3899622 on Fri Jun 16 03:34:24 MDT 2023
# Start of session at: Tue Dec 12 18:46:24 2023
# Process ID: 68028
# Current directory: /home/mikkel/repoes/ESD3/ESD3-Projekt/integration/integration_i2c_pwmGen_pwmCal_mem.runs/synth_1
# Command line: vivado -log flightController.vds -product Vivado -mode batch -messageDb vivado.pb -notrace -source flightController.tcl
# Log file: /home/mikkel/repoes/ESD3/ESD3-Projekt/integration/integration_i2c_pwmGen_pwmCal_mem.runs/synth_1/flightController.vds
# Journal file: /home/mikkel/repoes/ESD3/ESD3-Projekt/integration/integration_i2c_pwmGen_pwmCal_mem.runs/synth_1/vivado.jou
# Running On: Mikkel-laptop, OS: Linux, CPU Frequency: 2872.476 MHz, CPU Physical cores: 4, Host memory: 16695 MB
#-----------------------------------------------------------
source flightController.tcl -notrace
