#-----------------------------------------------------------
# Vivado v2023.2 (64-bit)
# SW Build 4029153 on Fri Oct 13 20:14:34 MDT 2023
# IP Build 4028589 on Sat Oct 14 00:45:43 MDT 2023
# SharedData Build 4025554 on Tue Oct 10 17:18:54 MDT 2023
# Start of session at: Thu Nov 16 15:08:41 2023
# Process ID: 5956
# Current directory: C:/Users/Ditte/aauRepo/esd3/project/ESD3-Projekt/intergration_i2c_pwmGen_pwmCal_mem/intergration_i2c_pwmGen_pwmCal_mem.runs/synth_1
# Command line: vivado.exe -log flightController.vds -product Vivado -mode batch -messageDb vivado.pb -notrace -source flightController.tcl
# Log file: C:/Users/Ditte/aauRepo/esd3/project/ESD3-Projekt/intergration_i2c_pwmGen_pwmCal_mem/intergration_i2c_pwmGen_pwmCal_mem.runs/synth_1/flightController.vds
# Journal file: C:/Users/Ditte/aauRepo/esd3/project/ESD3-Projekt/intergration_i2c_pwmGen_pwmCal_mem/intergration_i2c_pwmGen_pwmCal_mem.runs/synth_1\vivado.jou
# Running On: DippeePrime, OS: Windows, CPU Frequency: 3110 MHz, CPU Physical cores: 12, Host memory: 16892 MB
#-----------------------------------------------------------
source flightController.tcl -notrace
