#-----------------------------------------------------------
# Vivado v2023.2 (64-bit)
# SW Build 4029153 on Fri Oct 13 20:14:34 MDT 2023
# IP Build 4028589 on Sat Oct 14 00:45:43 MDT 2023
# SharedData Build 4025554 on Tue Oct 10 17:18:54 MDT 2023
# Start of session at: Thu Nov 16 12:52:25 2023
# Process ID: 17892
# Current directory: C:/Users/Ditte/aauRepo/esd3/project/ESD3-Projekt/intergration_i2c_pwmGen_pwmCal_mem
# Command line: vivado.exe -gui_launcher_event rodinguilauncherevent12480 C:\Users\Ditte\aauRepo\esd3\project\ESD3-Projekt\intergration_i2c_pwmGen_pwmCal_mem\intergration_i2c_pwmGen_pwmCal_mem.xpr
# Log file: C:/Users/Ditte/aauRepo/esd3/project/ESD3-Projekt/intergration_i2c_pwmGen_pwmCal_mem/vivado.log
# Journal file: C:/Users/Ditte/aauRepo/esd3/project/ESD3-Projekt/intergration_i2c_pwmGen_pwmCal_mem\vivado.jou
# Running On: DippeePrime, OS: Windows, CPU Frequency: 3110 MHz, CPU Physical cores: 12, Host memory: 16892 MB
#-----------------------------------------------------------
start_gui
open_project C:/Users/Ditte/aauRepo/esd3/project/ESD3-Projekt/intergration_i2c_pwmGen_pwmCal_mem/intergration_i2c_pwmGen_pwmCal_mem.xpr
update_compile_order -fileset sources_1
add_files -norecurse C:/Users/Ditte/aauRepo/esd3/project/ESD3-Projekt/EcsPwmCalibration/EcsPwmCalibration.srcs/sources_1/imports/project/createCalibration.vhd
update_compile_order -fileset sources_1
file mkdir C:/Users/Ditte/aauRepo/esd3/project/ESD3-Projekt/intergration_i2c_pwmGen_pwmCal_mem/intergration_i2c_pwmGen_pwmCal_mem.srcs/sources_1/new
close [ open C:/Users/Ditte/aauRepo/esd3/project/ESD3-Projekt/intergration_i2c_pwmGen_pwmCal_mem/intergration_i2c_pwmGen_pwmCal_mem.srcs/sources_1/new/flightController.vhd w ]
add_files C:/Users/Ditte/aauRepo/esd3/project/ESD3-Projekt/intergration_i2c_pwmGen_pwmCal_mem/intergration_i2c_pwmGen_pwmCal_mem.srcs/sources_1/new/flightController.vhd
update_compile_order -fileset sources_1
# Disabling source management mode.  This is to allow the top design properties to be set without GUI intervention.
set_property source_mgmt_mode None [current_project]
set_property top flightController [current_fileset]
# Re-enabling previously disabled source management mode.
set_property source_mgmt_mode All [current_project]
update_compile_order -fileset sources_1
add_files -norecurse C:/Users/Ditte/aauRepo/esd3/project/ESD3-Projekt/I2C_Slave/i2cslave.vhd
update_compile_order -fileset sources_1
launch_simulation
source I2C_EXTERNAL_ACCESS.tcl
update_compile_order -fileset sources_1
close_sim
