#-----------------------------------------------------------
# Vivado v2023.1 (64-bit)
# SW Build 3865809 on Sun May  7 15:05:29 MDT 2023
# IP Build 3864474 on Sun May  7 20:36:21 MDT 2023
# SharedData Build 3865790 on Sun May 07 13:33:03 MDT 2023
# Start of session at: Wed Oct 25 12:48:38 2023
# Process ID: 26044
# Current directory: C:/Users/Ditte/repo/esd3/project/ESD3-Projekt/PWM_Project
# Command line: vivado.exe -gui_launcher_event rodinguilauncherevent24552 C:\Users\Ditte\repo\esd3\project\ESD3-Projekt\PWM_Project\PWM_Project.xpr
# Log file: C:/Users/Ditte/repo/esd3/project/ESD3-Projekt/PWM_Project/vivado.log
# Journal file: C:/Users/Ditte/repo/esd3/project/ESD3-Projekt/PWM_Project\vivado.jou
# Running On: DippeePrime, OS: Windows, CPU Frequency: 3110 MHz, CPU Physical cores: 12, Host memory: 16892 MB
#-----------------------------------------------------------
start_gui
open_project C:/Users/Ditte/repo/esd3/project/ESD3-Projekt/PWM_Project/PWM_Project.xpr
update_compile_order -fileset sources_1
launch_simulation
open_wave_config C:/Users/Ditte/repo/esd3/project/ESD3-Projekt/PWM_Project/Top_behav.wcfg
source Top.tcl
add_force {/Top/CLK} -radix bin {1 0ns} {0 1950000ps} -repeat_every 3900000ps
add_force {/Top/PercentCh1} -radix bin {00011111 0ns}
restart
run all
add_force {/Top/PercentCh3} -radix bin {01111111 0ns}
restart
run 5 ms
add_force {/Top/PercentCh3} -radix bin {0111111 0ns}
restart
run 5 ms
add_force {/Top/PercentCh1} -radix bin {01000000 0ns}
run 5 ms
restart
run 5 ms
add_force {/Top/PercentCh1} -radix bin {01000000 0ns}
restart
run 5 ms
add_force {/Top/PercentCh2} -radix bin {01000000 0ns}
restart
run all
run all
run 5 ms
add_force {/Top/PercentCh2} -radix bin {10000000 0ns}
restart
run 5 ms
add_force {/Top/PercentCh2} -radix bin {10000000 0ns}
run 5 ms
close_sim
