#-----------------------------------------------------------
# Vivado v2023.1 (64-bit)
# SW Build 3865809 on Sun May  7 15:05:29 MDT 2023
# IP Build 3864474 on Sun May  7 20:36:21 MDT 2023
# SharedData Build 3865790 on Sun May 07 13:33:03 MDT 2023
# Start of session at: Thu Oct 26 12:50:42 2023
# Process ID: 832
# Current directory: C:/Users/Ditte/repo/esd3/project/ESD3-Projekt/PWM_project_calibration/PWM_project_calibration.runs/impl_1
# Command line: vivado.exe -log Top.vdi -applog -product Vivado -messageDb vivado.pb -mode batch -source Top.tcl -notrace
# Log file: C:/Users/Ditte/repo/esd3/project/ESD3-Projekt/PWM_project_calibration/PWM_project_calibration.runs/impl_1/Top.vdi
# Journal file: C:/Users/Ditte/repo/esd3/project/ESD3-Projekt/PWM_project_calibration/PWM_project_calibration.runs/impl_1\vivado.jou
# Running On: DippeePrime, OS: Windows, CPU Frequency: 3110 MHz, CPU Physical cores: 12, Host memory: 16892 MB
#-----------------------------------------------------------
source Top.tcl -notrace
