#-----------------------------------------------------------
# Vivado v2023.1 (64-bit)
# SW Build 3865809 on Sun May  7 15:05:29 MDT 2023
# IP Build 3864474 on Sun May  7 20:36:21 MDT 2023
# SharedData Build 3865790 on Sun May 07 13:33:03 MDT 2023
# Start of session at: Fri Oct 27 10:47:49 2023
# Process ID: 7524
# Current directory: C:/Users/Ditte/repo/esd3/project/ESD3-Projekt/I2C_Master
# Command line: vivado.exe -gui_launcher_event rodinguilauncherevent1648 C:\Users\Ditte\repo\esd3\project\ESD3-Projekt\I2C_Master\I2C_Master.xpr
# Log file: C:/Users/Ditte/repo/esd3/project/ESD3-Projekt/I2C_Master/vivado.log
# Journal file: C:/Users/Ditte/repo/esd3/project/ESD3-Projekt/I2C_Master\vivado.jou
# Running On: DippeePrime, OS: Windows, CPU Frequency: 3110 MHz, CPU Physical cores: 12, Host memory: 16892 MB
#-----------------------------------------------------------
start_gui
open_project C:/Users/Ditte/repo/esd3/project/ESD3-Projekt/I2C_Master/I2C_Master.xpr
update_compile_order -fileset sources_1
