Copyright 1986-2022 Xilinx, Inc. All Rights Reserved. Copyright 2022-2023 Advanced Micro Devices, Inc. All Rights Reserved.
---------------------------------------------------------------------------------------------------------------------------------------------
| Tool Version : Vivado v.2023.1.1 (lin64) Build 3900603 Fri Jun 16 19:30:25 MDT 2023
| Date         : Wed Dec  6 12:20:22 2023
| Host         : Mikkel-laptop running 64-bit Debian GNU/Linux 12 (bookworm)
| Command      : report_control_sets -verbose -file flightController_control_sets_placed.rpt
| Design       : flightController
| Device       : xc7a35t
---------------------------------------------------------------------------------------------------------------------------------------------

Control Set Information

Table of Contents
-----------------
1. Summary
2. Histogram
3. Flip-Flop Distribution
4. Detailed Control Set Information

1. Summary
----------

+----------------------------------------------------------+-------+
|                          Status                          | Count |
+----------------------------------------------------------+-------+
| Total control sets                                       |   138 |
|    Minimum number of control sets                        |   138 |
|    Addition due to synthesis replication                 |     0 |
|    Addition due to physical synthesis replication        |     0 |
| Unused register locations in slices containing registers |   123 |
+----------------------------------------------------------+-------+
* Control sets can be merged at opt_design using control_set_merge or merge_equivalent_drivers
** Run report_qor_suggestions for automated merging and remapping suggestions


2. Histogram
------------

+--------------------+-------+
|       Fanout       | Count |
+--------------------+-------+
| Total control sets |   138 |
| >= 0 to < 4        |     0 |
| >= 4 to < 6        |    10 |
| >= 6 to < 8        |     3 |
| >= 8 to < 10       |    15 |
| >= 10 to < 12      |     1 |
| >= 12 to < 14      |     4 |
| >= 14 to < 16      |     2 |
| >= 16              |   103 |
+--------------------+-------+
* Control sets can be remapped at either synth_design or opt_design


3. Flip-Flop Distribution
-------------------------

+--------------+-----------------------+------------------------+-----------------+--------------+
| Clock Enable | Synchronous Set/Reset | Asynchronous Set/Reset | Total Registers | Total Slices |
+--------------+-----------------------+------------------------+-----------------+--------------+
| No           | No                    | No                     |             199 |           87 |
| No           | No                    | Yes                    |               0 |            0 |
| No           | Yes                   | No                     |              16 |            6 |
| Yes          | No                    | No                     |            3399 |         1452 |
| Yes          | No                    | Yes                    |               0 |            0 |
| Yes          | Yes                   | No                     |             231 |           81 |
+--------------+-----------------------+------------------------+-----------------+--------------+


4. Detailed Control Set Information
-----------------------------------

+----------------+------------------------------------------------------------------+----------------------------------------------------------------+------------------+----------------+--------------+
|  Clock Signal  |                           Enable Signal                          |                        Set/Reset Signal                        | Slice Load Count | Bel Load Count | Bels / Slice |
+----------------+------------------------------------------------------------------+----------------------------------------------------------------+------------------+----------------+--------------+
|  CLK_IBUF_BUFG | DIST_MATRIX/pwmMapSlave/i___71_n_0                               | DIST_MATRIX/pwmMapSlave/i___70_n_0                             |                2 |              4 |         2.00 |
|  CLK_IBUF_BUFG | DIST_MATRIX/pwmMapSlave/eqOp                                     | DIST_MATRIX/pwmMapSlave/i___55_n_0                             |                2 |              4 |         2.00 |
|  CLK_IBUF_BUFG | DIST_MATRIX/matrixReloaded/r0state                               |                                                                |                1 |              4 |         4.00 |
|  CLK_IBUF_BUFG | DIST_MATRIX/pwmMapSlave/i___73_n_0                               | DIST_MATRIX/pwmMapSlave/i___72_n_0                             |                2 |              4 |         2.00 |
|  CLK_IBUF_BUFG | readSensor/Byte_compiler/memory_reg[22][0][0]                    |                                                                |                2 |              4 |         2.00 |
|  CLK_IBUF_BUFG | i2cExternal/I_I2CITF/state[3]_i_1_n_0                            |                                                                |                3 |              4 |         1.33 |
|  CLK_IBUF_BUFG | pidBlock/altitudeEn_reg_n_0                                      |                                                                |                1 |              5 |         5.00 |
|  CLK_IBUF_BUFG | pidBlock/pitchEn_reg_n_0                                         |                                                                |                2 |              5 |         2.50 |
|  CLK_IBUF_BUFG | pidBlock/rollEn_reg_n_0                                          |                                                                |                2 |              5 |         2.50 |
|  CLK_IBUF_BUFG | pidBlock/yawEn_reg_n_0                                           |                                                                |                2 |              5 |         2.50 |
|  CLK_IBUF_BUFG | i2cExternal/BUFFER_32[7]_i_1_n_0                                 | i2cExternal/BUFFER_32                                          |                3 |              7 |         2.33 |
|  CLK_IBUF_BUFG | pwmCal/count0                                                    | pwmCal/count[6]_i_1__1_n_0                                     |                3 |              7 |         2.33 |
|  CLK_IBUF_BUFG |                                                                  | pwmGen/p_0_in                                                  |                2 |              7 |         3.50 |
|  CLK_IBUF_BUFG | i2cExternal/BUFFER_32[15]_i_1_n_0                                | i2cExternal/BUFFER_32                                          |                4 |              8 |         2.00 |
|  CLK_IBUF_BUFG | i2cExternal/I_I2CITF/shiftreg[7]_i_1_n_0                         |                                                                |                3 |              8 |         2.67 |
|  CLK_IBUF_BUFG | i2cExternal/I_I2CITF/DATA_OUT[7]_i_1_n_0                         |                                                                |                2 |              8 |         4.00 |
|  CLK_IBUF_BUFG | i2cExternal/BUFFER_32[23]_i_1_n_0                                | i2cExternal/BUFFER_32                                          |                3 |              8 |         2.67 |
|  CLK_IBUF_BUFG | i2cExternal/I_I2CITF/address_i[7]_i_1_n_0                        |                                                                |                4 |              8 |         2.00 |
|  CLK_IBUF_BUFG | i2cExternal/DATA_IN[7]_i_1_n_0                                   |                                                                |                2 |              8 |         4.00 |
|  CLK_IBUF_BUFG | i2cExternal/BUFFER_32[31]_i_1_n_0                                | i2cExternal/BUFFER_32                                          |                2 |              8 |         4.00 |
|  CLK_IBUF_BUFG | readSensor/Byte_compiler/Read_Byte/I2C_Master/addr_rw0           |                                                                |                3 |              8 |         2.67 |
|  CLK_IBUF_BUFG | readSensor/Byte_compiler/Read_Byte/I2C_Master/data_rd[7]_i_1_n_0 |                                                                |                1 |              8 |         8.00 |
|  CLK_IBUF_BUFG | readSensor/Byte_compiler/Read_Byte/E[0]                          | readSensor/Byte_compiler/MemWrite_reg0                         |                2 |              8 |         4.00 |
|  CLK_IBUF_BUFG | readSensor/Byte_compiler/Read_Byte/E[1]                          | readSensor/Byte_compiler/MemWrite_reg0                         |                2 |              8 |         4.00 |
|  CLK_IBUF_BUFG | readSensor/Byte_compiler/Read_Byte/E[2]                          | readSensor/Byte_compiler/MemWrite_reg0                         |                1 |              8 |         8.00 |
|  CLK_IBUF_BUFG | readSensor/Byte_compiler/Read_Byte/E[3]                          | readSensor/Byte_compiler/MemWrite_reg0                         |                2 |              8 |         4.00 |
|  CLK_IBUF_BUFG |                                                                  | readSensor/Byte_compiler/Read_Byte/I2C_Master/count[8]_i_1_n_0 |                4 |              9 |         2.25 |
|  CLK_IBUF_BUFG | readSensor/Byte_compiler/Read_Byte/I2C_Master/busy1              |                                                                |                3 |              9 |         3.00 |
|  CLK_IBUF_BUFG | pwmGen/p_0_in                                                    |                                                                |                4 |             11 |         2.75 |
|  CLK_IBUF_BUFG | DIST_MATRIX/pwmMapSlave/i___73_n_0                               | DIST_MATRIX/pwmMapSlave/ch1conv[6]_i_1_n_0                     |                7 |             12 |         1.71 |
|  CLK_IBUF_BUFG | pwmCal/clkDivider[11]_i_2_n_0                                    | pwmCal/clkDivider[11]_i_1_n_0                                  |                4 |             12 |         3.00 |
|  CLK_IBUF_BUFG | DIST_MATRIX/pwmMapSlave/eqOp                                     | DIST_MATRIX/pwmMapSlave/ch0conv[6]_i_1_n_0                     |                7 |             12 |         1.71 |
|  CLK_IBUF_BUFG | DIST_MATRIX/pwmMapSlave/i___71_n_0                               | DIST_MATRIX/pwmMapSlave/ch2conv[6]_i_1_n_0                     |                6 |             12 |         2.00 |
|  CLK_IBUF_BUFG | i2cExternal/BUFFER_32                                            | i2cExternal/BUFFER_8[7]_i_1_n_0                                |                2 |             14 |         7.00 |
|  CLK_IBUF_BUFG | DIST_MATRIX/pwmMapSlave/ch3conv                                  | DIST_MATRIX/pwmMapSlave/i___69_n_0                             |                7 |             15 |         2.14 |
|  CLK_IBUF_BUFG | pwmCal/output[7]_i_1__1_n_0                                      |                                                                |                4 |             16 |         4.00 |
|  CLK_IBUF_BUFG | DIST_MATRIX/pwmMapSlave/ch3conv                                  |                                                                |               10 |             23 |         2.30 |
|  CLK_IBUF_BUFG | DIST_MATRIX/pwmMapSlave/eqOp                                     |                                                                |               12 |             24 |         2.00 |
|  CLK_IBUF_BUFG | DIST_MATRIX/pwmMapSlave/i___71_n_0                               |                                                                |               10 |             24 |         2.40 |
|  CLK_IBUF_BUFG | DIST_MATRIX/pwmMapSlave/i___73_n_0                               |                                                                |               12 |             24 |         2.00 |
| ~CLK_IBUF_BUFG | i2cExternal/WRITE_ADDRESS_reg[3]_0[0]                            |                                                                |               11 |             31 |         2.82 |
| ~CLK_IBUF_BUFG | readSensor/Byte_compiler/ADDRMemBus_reg[4]_0[0]                  |                                                                |               22 |             32 |         1.45 |
| ~CLK_IBUF_BUFG | readSensor/Byte_compiler/ADDRMemBus_reg[4]_3[0]                  |                                                                |               16 |             32 |         2.00 |
| ~CLK_IBUF_BUFG | readSensor/Byte_compiler/ADDRMemBus_reg[4]_4[0]                  |                                                                |               11 |             32 |         2.91 |
| ~CLK_IBUF_BUFG | readSensor/Byte_compiler/ADDRMemBus_reg[4]_5[0]                  |                                                                |               13 |             32 |         2.46 |
| ~CLK_IBUF_BUFG | i2cExternal/WRITE_ADDRESS_reg[4]_6[0]                            |                                                                |               12 |             32 |         2.67 |
| ~CLK_IBUF_BUFG | readSensor/Byte_compiler/ADDRMemBus_reg[4]_2[0]                  |                                                                |               12 |             32 |         2.67 |
| ~CLK_IBUF_BUFG | readSensor/Byte_compiler/ADDRMemBus_reg[5]_1[0]                  |                                                                |               14 |             32 |         2.29 |
| ~CLK_IBUF_BUFG | readSensor/Byte_compiler/ADDRMemBus_reg[4]_1[0]                  |                                                                |               18 |             32 |         1.78 |
| ~CLK_IBUF_BUFG | i2cExternal/WRITE_ADDRESS_reg[3]_3[0]                            |                                                                |               15 |             32 |         2.13 |
| ~CLK_IBUF_BUFG | i2cExternal/WRITE_ADDRESS_reg[3]_2[0]                            |                                                                |               12 |             32 |         2.67 |
| ~CLK_IBUF_BUFG | i2cExternal/WRITE_ADDRESS_reg[3]_15[0]                           |                                                                |               20 |             32 |         1.60 |
| ~CLK_IBUF_BUFG | i2cExternal/WRITE_ADDRESS_reg[3]_11[0]                           |                                                                |               15 |             32 |         2.13 |
| ~CLK_IBUF_BUFG | i2cExternal/WRITE_ADDRESS_reg[3]_10[0]                           |                                                                |               15 |             32 |         2.13 |
| ~CLK_IBUF_BUFG | i2cExternal/E[0]                                                 |                                                                |               11 |             32 |         2.91 |
| ~CLK_IBUF_BUFG | readSensor/Byte_compiler/ADDRMemBus_reg[5]_2[0]                  |                                                                |               14 |             32 |         2.29 |
| ~CLK_IBUF_BUFG | readSensor/Byte_compiler/E[0]                                    |                                                                |               12 |             32 |         2.67 |
| ~CLK_IBUF_BUFG | readSensor/Byte_compiler/MemWrite_reg_1[0]                       |                                                                |               11 |             32 |         2.91 |
| ~CLK_IBUF_BUFG | pidBlock/SHARED_FPU/output[8]_i_1_n_0                            |                                                                |               16 |             32 |         2.00 |
| ~CLK_IBUF_BUFG | i2cExternal/WRITE_ADDRESS_reg[0]_1[0]                            |                                                                |               10 |             32 |         3.20 |
| ~CLK_IBUF_BUFG | i2cExternal/WRITE_REQ_reg_1[0]                                   |                                                                |               15 |             32 |         2.13 |
| ~CLK_IBUF_BUFG | i2cExternal/WRITE_ADDRESS_reg[5]_3[0]                            |                                                                |               21 |             32 |         1.52 |
| ~CLK_IBUF_BUFG | i2cExternal/WRITE_ADDRESS_reg[5]_2[0]                            |                                                                |               12 |             32 |         2.67 |
| ~CLK_IBUF_BUFG | i2cExternal/WRITE_ADDRESS_reg[4]_5[0]                            |                                                                |                9 |             32 |         3.56 |
| ~CLK_IBUF_BUFG | i2cExternal/WRITE_ADDRESS_reg[4]_4[0]                            |                                                                |               12 |             32 |         2.67 |
| ~CLK_IBUF_BUFG | i2cExternal/WRITE_ADDRESS_reg[0]_3[0]                            |                                                                |               13 |             32 |         2.46 |
| ~CLK_IBUF_BUFG | i2cExternal/WRITE_ADDRESS_reg[1]_0[0]                            |                                                                |               12 |             32 |         2.67 |
| ~CLK_IBUF_BUFG | i2cExternal/WRITE_ADDRESS_reg[1]_1[0]                            |                                                                |               17 |             32 |         1.88 |
| ~CLK_IBUF_BUFG | i2cExternal/WRITE_ADDRESS_reg[4]_3[0]                            |                                                                |                7 |             32 |         4.57 |
| ~CLK_IBUF_BUFG | i2cExternal/WRITE_ADDRESS_reg[1]_2[0]                            |                                                                |               12 |             32 |         2.67 |
| ~CLK_IBUF_BUFG | i2cExternal/WRITE_ADDRESS_reg[4]_2[0]                            |                                                                |               16 |             32 |         2.00 |
| ~CLK_IBUF_BUFG | i2cExternal/WRITE_ADDRESS_reg[4]_0[0]                            |                                                                |               10 |             32 |         3.20 |
| ~CLK_IBUF_BUFG | i2cExternal/WRITE_ADDRESS_reg[3]_5[0]                            |                                                                |               13 |             32 |         2.46 |
| ~CLK_IBUF_BUFG | i2cExternal/WRITE_ADDRESS_reg[5]_1[0]                            |                                                                |               12 |             32 |         2.67 |
| ~CLK_IBUF_BUFG | DIST_MATRIX/matrixReloaded/fpuCalculations/output[8]_i_1__0_n_0  |                                                                |               15 |             32 |         2.13 |
| ~CLK_IBUF_BUFG | i2cExternal/WRITE_ADDRESS_reg[3]_4[0]                            |                                                                |               13 |             32 |         2.46 |
| ~CLK_IBUF_BUFG | i2cExternal/WRITE_ADDRESS_reg[2]_3[0]                            |                                                                |               13 |             32 |         2.46 |
| ~CLK_IBUF_BUFG | i2cExternal/WRITE_ADDRESS_reg[1]_3[0]                            |                                                                |               12 |             32 |         2.67 |
| ~CLK_IBUF_BUFG | readSensor/Byte_compiler/ADDRMemBus_reg[0]_3[0]                  |                                                                |               20 |             32 |         1.60 |
| ~CLK_IBUF_BUFG | readSensor/Byte_compiler/ADDRMemBus_reg[1]_rep__10[0]            |                                                                |               16 |             32 |         2.00 |
| ~CLK_IBUF_BUFG | readSensor/Byte_compiler/ADDRMemBus_reg[1]_rep__11[0]            |                                                                |               10 |             32 |         3.20 |
| ~CLK_IBUF_BUFG | readSensor/Byte_compiler/ADDRMemBus_reg[2]_rep__7_0[0]           |                                                                |               16 |             32 |         2.00 |
| ~CLK_IBUF_BUFG | readSensor/Byte_compiler/ADDRMemBus_reg[2]_rep__8[0]             |                                                                |               11 |             32 |         2.91 |
| ~CLK_IBUF_BUFG | readSensor/Byte_compiler/ADDRMemBus_reg[2]_rep__9_0[0]           |                                                                |               12 |             32 |         2.67 |
| ~CLK_IBUF_BUFG | readSensor/Byte_compiler/ADDRMemBus_reg[3]_1[0]                  |                                                                |               13 |             32 |         2.46 |
| ~CLK_IBUF_BUFG | readSensor/Byte_compiler/ADDRMemBus_reg[3]_2[0]                  |                                                                |               13 |             32 |         2.46 |
| ~CLK_IBUF_BUFG | i2cExternal/WRITE_ADDRESS_reg[0]_2[0]                            |                                                                |               14 |             32 |         2.29 |
|  CLK_IBUF_BUFG | pidBlock/PID_ROLL/ri0                                            |                                                                |               20 |             32 |         1.60 |
|  CLK_IBUF_BUFG | pidBlock/PID_YAW/rp0                                             |                                                                |               15 |             32 |         2.13 |
|  CLK_IBUF_BUFG | pidBlock/PID_YAW/temp0                                           |                                                                |               15 |             32 |         2.13 |
|  CLK_IBUF_BUFG | pidBlock/PID_ALTITUDE/temp0                                      |                                                                |                8 |             32 |         4.00 |
|  CLK_IBUF_BUFG | pidBlock/PID_ALTITUDE/rp0                                        |                                                                |               11 |             32 |         2.91 |
|  CLK_IBUF_BUFG | pidBlock/PID_ALTITUDE/ri0                                        |                                                                |               10 |             32 |         3.20 |
|  CLK_IBUF_BUFG | pidBlock/PID_ALTITUDE/rd0                                        |                                                                |                6 |             32 |         5.33 |
|  CLK_IBUF_BUFG | pidBlock/PID_ALTITUDE/prevError[8]_i_1__2_n_0                    |                                                                |                5 |             32 |         6.40 |
|  CLK_IBUF_BUFG | pidBlock/PID_PITCH/ri0                                           |                                                                |               17 |             32 |         1.88 |
|  CLK_IBUF_BUFG | pidBlock/PID_PITCH/prevError0                                    |                                                                |               11 |             32 |         2.91 |
|  CLK_IBUF_BUFG | pidBlock/PID_ROLL/prevError0                                     |                                                                |               21 |             32 |         1.52 |
|  CLK_IBUF_BUFG | pidBlock/PID_ROLL/rd0                                            |                                                                |               17 |             32 |         1.88 |
|  CLK_IBUF_BUFG | DIST_MATRIX/matrixReloaded/temp                                  |                                                                |               16 |             32 |         2.00 |
|  CLK_IBUF_BUFG | pidBlock/PID_ROLL/rp0                                            |                                                                |               17 |             32 |         1.88 |
|  CLK_IBUF_BUFG | pidBlock/PID_ROLL/temp0                                          |                                                                |               19 |             32 |         1.68 |
|  CLK_IBUF_BUFG | pidBlock/PID_ALTITUDE/errorAccum0                                |                                                                |               12 |             32 |         2.67 |
|  CLK_IBUF_BUFG | pidBlock/PID_ALTITUDE/error0                                     |                                                                |                9 |             32 |         3.56 |
|  CLK_IBUF_BUFG | pidBlock/PID_ALTITUDE/Result0                                    |                                                                |                5 |             32 |         6.40 |
|  CLK_IBUF_BUFG | pidBlock/PID_PITCH/errorAccum0                                   |                                                                |               16 |             32 |         2.00 |
|  CLK_IBUF_BUFG | pidBlock/PID_PITCH/error0                                        |                                                                |               14 |             32 |         2.29 |
|  CLK_IBUF_BUFG | pidBlock/PID_PITCH/Result0                                       |                                                                |                9 |             32 |         3.56 |
|  CLK_IBUF_BUFG | pidBlock/PID_PITCH/rd0                                           |                                                                |               13 |             32 |         2.46 |
|  CLK_IBUF_BUFG | pidBlock/PID_PITCH/temp0                                         |                                                                |               16 |             32 |         2.00 |
|  CLK_IBUF_BUFG | pidBlock/PID_PITCH/rp0                                           |                                                                |               15 |             32 |         2.13 |
|  CLK_IBUF_BUFG | pidBlock/PID_YAW/rd0                                             |                                                                |               16 |             32 |         2.00 |
|  CLK_IBUF_BUFG | DIST_MATRIX/matrixReloaded/tempRes[8]_i_2_n_0                    | DIST_MATRIX/matrixReloaded/tempRes[8]_i_1_n_0                  |               10 |             32 |         3.20 |
|  CLK_IBUF_BUFG | DIST_MATRIX/matrixReloaded/ch2[8]_i_1_n_0                        |                                                                |               19 |             32 |         1.68 |
|  CLK_IBUF_BUFG | DIST_MATRIX/matrixReloaded/ch1[8]_i_1_n_0                        |                                                                |               14 |             32 |         2.29 |
|  CLK_IBUF_BUFG | DIST_MATRIX/matrixReloaded/ch0[8]_i_1_n_0                        |                                                                |               17 |             32 |         1.88 |
|  CLK_IBUF_BUFG | DIST_MATRIX/matrixReloaded/c3                                    |                                                                |                6 |             32 |         5.33 |
|  CLK_IBUF_BUFG | DIST_MATRIX/matrixReloaded/c2                                    |                                                                |                9 |             32 |         3.56 |
|  CLK_IBUF_BUFG | DIST_MATRIX/matrixReloaded/c1                                    |                                                                |                8 |             32 |         4.00 |
|  CLK_IBUF_BUFG | DIST_MATRIX/matrixReloaded/c0                                    |                                                                |                9 |             32 |         3.56 |
|  CLK_IBUF_BUFG | readSensor/Byte_compiler/Read_Byte/WaitClock                     |                                                                |                8 |             32 |         4.00 |
|  CLK_IBUF_BUFG | pidBlock/PID_YAW/error0                                          |                                                                |               12 |             32 |         2.67 |
|  CLK_IBUF_BUFG | pidBlock/PID_YAW/errorAccum0                                     |                                                                |               14 |             32 |         2.29 |
|  CLK_IBUF_BUFG | pidBlock/PID_ROLL/Result0                                        |                                                                |               13 |             32 |         2.46 |
|  CLK_IBUF_BUFG | pidBlock/PID_ROLL/error0                                         |                                                                |               18 |             32 |         1.78 |
|  CLK_IBUF_BUFG | pidBlock/PID_ROLL/errorAccum0                                    |                                                                |               19 |             32 |         1.68 |
|  CLK_IBUF_BUFG | pidBlock/PID_YAW/Result0                                         |                                                                |               13 |             32 |         2.46 |
|  CLK_IBUF_BUFG | pidBlock/PID_YAW/prevError0                                      |                                                                |               12 |             32 |         2.67 |
|  CLK_IBUF_BUFG | pidBlock/PID_YAW/ri0                                             |                                                                |               16 |             32 |         2.00 |
| ~CLK_IBUF_BUFG |                                                                  |                                                                |               15 |             33 |         2.20 |
|  CLK_IBUF_BUFG | i2cExternal/WRITE_ADDRESS[7]_i_2_n_0                             | i2cExternal/WRITE_ADDRESS[7]_i_1_n_0                           |               10 |             40 |         4.00 |
|  CLK_IBUF_BUFG | readSensor/ADDRMemBus[5]_i_1_n_0                                 |                                                                |               19 |             43 |         2.26 |
|  CLK_IBUF_BUFG | pidBlock/PID_YAW/fpuVal0_reg0                                    |                                                                |               37 |             66 |         1.78 |
|  CLK_IBUF_BUFG | pidBlock/PID_ROLL/fpuVal0_reg0                                   |                                                                |               37 |             66 |         1.78 |
|  CLK_IBUF_BUFG | pidBlock/PID_ALTITUDE/fpuVal0[8]_i_1__2_n_0                      |                                                                |               36 |             66 |         1.83 |
|  CLK_IBUF_BUFG | DIST_MATRIX/matrixReloaded/data0[8]_i_1_n_0                      |                                                                |               28 |             66 |         2.36 |
|  CLK_IBUF_BUFG | pidBlock/PID_PITCH/fpuVal0_reg0                                  |                                                                |               33 |             66 |         2.00 |
|  CLK_IBUF_BUFG |                                                                  |                                                                |               72 |            166 |         2.31 |
+----------------+------------------------------------------------------------------+----------------------------------------------------------------+------------------+----------------+--------------+


