Copyright 1986-2022 Xilinx, Inc. All Rights Reserved. Copyright 2022-2023 Advanced Micro Devices, Inc. All Rights Reserved.
---------------------------------------------------------------------------------------------------------------------------------------------
| Tool Version : Vivado v.2023.1.1 (lin64) Build 3900603 Fri Jun 16 19:30:25 MDT 2023
| Date         : Tue Dec 12 18:49:11 2023
| Host         : Mikkel-laptop running 64-bit Debian GNU/Linux 12 (bookworm)
| Command      : report_control_sets -verbose -file flightController_control_sets_placed.rpt
| Design       : flightController
| Device       : xc7a35t
---------------------------------------------------------------------------------------------------------------------------------------------

Control Set Information

Table of Contents
-----------------
1. Summary
2. Histogram
3. Flip-Flop Distribution
4. Detailed Control Set Information

1. Summary
----------

+----------------------------------------------------------+-------+
|                          Status                          | Count |
+----------------------------------------------------------+-------+
| Total control sets                                       |   131 |
|    Minimum number of control sets                        |   131 |
|    Addition due to synthesis replication                 |     0 |
|    Addition due to physical synthesis replication        |     0 |
| Unused register locations in slices containing registers |   115 |
+----------------------------------------------------------+-------+
* Control sets can be merged at opt_design using control_set_merge or merge_equivalent_drivers
** Run report_qor_suggestions for automated merging and remapping suggestions


2. Histogram
------------

+--------------------+-------+
|       Fanout       | Count |
+--------------------+-------+
| Total control sets |   131 |
| >= 0 to < 4        |     1 |
| >= 4 to < 6        |    11 |
| >= 6 to < 8        |     6 |
| >= 8 to < 10       |     8 |
| >= 10 to < 12      |     1 |
| >= 12 to < 14      |     2 |
| >= 14 to < 16      |     0 |
| >= 16              |   102 |
+--------------------+-------+
* Control sets can be remapped at either synth_design or opt_design


3. Flip-Flop Distribution
-------------------------

+--------------+-----------------------+------------------------+-----------------+--------------+
| Clock Enable | Synchronous Set/Reset | Asynchronous Set/Reset | Total Registers | Total Slices |
+--------------+-----------------------+------------------------+-----------------+--------------+
| No           | No                    | No                     |             168 |           69 |
| No           | No                    | Yes                    |               0 |            0 |
| No           | Yes                   | No                     |               7 |            2 |
| Yes          | No                    | No                     |            3348 |         1493 |
| Yes          | No                    | Yes                    |               0 |            0 |
| Yes          | Yes                   | No                     |             146 |           53 |
+--------------+-----------------------+------------------------+-----------------+--------------+


4. Detailed Control Set Information
-----------------------------------

+----------------+-----------------------------------------------------------------+---------------------------------------------+------------------+----------------+--------------+
|  Clock Signal  |                          Enable Signal                          |               Set/Reset Signal              | Slice Load Count | Bel Load Count | Bels / Slice |
+----------------+-----------------------------------------------------------------+---------------------------------------------+------------------+----------------+--------------+
|  CLK_IBUF_BUFG | DIST_MATRIX/pwmMapSlave/ch3conv                                 | DIST_MATRIX/pwmMapSlave/i__n_0              |                1 |              1 |         1.00 |
|  CLK_IBUF_BUFG | i2cExternal/I_I2CITF/next_state[3]_i_1_n_0                      |                                             |                2 |              4 |         2.00 |
|  CLK_IBUF_BUFG | i2cExternal/I_I2CITF/state[3]_i_1_n_0                           |                                             |                3 |              4 |         1.33 |
|  CLK_IBUF_BUFG | DIST_MATRIX/matrixReloaded/FSM_sequential_state[3]_i_1__0_n_0   |                                             |                1 |              4 |         4.00 |
|  CLK_IBUF_BUFG | DIST_MATRIX/pwmMapSlave/ch3conv                                 | DIST_MATRIX/pwmMapSlave/ch3conv[6]_i_1_n_0  |                4 |              5 |         1.25 |
|  CLK_IBUF_BUFG | pidBlock/altitudeEn_reg_n_0                                     |                                             |                2 |              5 |         2.50 |
|  CLK_IBUF_BUFG | pidBlock/pitchEn_reg_n_0                                        |                                             |                2 |              5 |         2.50 |
|  CLK_IBUF_BUFG | pidBlock/rollEn_reg_n_0                                         |                                             |                3 |              5 |         1.67 |
|  CLK_IBUF_BUFG | pidBlock/yawEn_reg_n_0                                          |                                             |                3 |              5 |         1.67 |
|  CLK_IBUF_BUFG | DIST_MATRIX/pwmMapSlave/ch0conv                                 | DIST_MATRIX/pwmMapSlave/ch0conv[6]_i_1_n_0  |                4 |              5 |         1.25 |
|  CLK_IBUF_BUFG | DIST_MATRIX/pwmMapSlave/ch1conv                                 | DIST_MATRIX/pwmMapSlave/ch1conv[6]_i_1_n_0  |                3 |              5 |         1.67 |
|  CLK_IBUF_BUFG | DIST_MATRIX/pwmMapSlave/ch2conv                                 | DIST_MATRIX/pwmMapSlave/ch2conv[6]_i_1_n_0  |                3 |              5 |         1.67 |
|  CLK_IBUF_BUFG | DIST_MATRIX/pwmMapSlave/ch3conv                                 | DIST_MATRIX/pwmMapSlave/i___333__1_n_0      |                4 |              7 |         1.75 |
|  CLK_IBUF_BUFG | DIST_MATRIX/pwmMapSlave/ch0conv                                 | DIST_MATRIX/pwmMapSlave/i___308__1_n_0      |                3 |              7 |         2.33 |
|  CLK_IBUF_BUFG | DIST_MATRIX/pwmMapSlave/ch2conv                                 | DIST_MATRIX/pwmMapSlave/i___326__1_n_0      |                3 |              7 |         2.33 |
|  CLK_IBUF_BUFG | pwmCal/count0                                                   |                                             |                2 |              7 |         3.50 |
|  CLK_IBUF_BUFG |                                                                 | pwmGen/count[6]_i_1__0_n_0                  |                2 |              7 |         3.50 |
|  CLK_IBUF_BUFG | i2cExternal/BUFFER_32[7]_i_1_n_0                                | i2cExternal/BUFFER_32                       |                2 |              7 |         3.50 |
|  CLK_IBUF_BUFG | i2cExternal/BUFFER_32[23]_i_1_n_0                               | i2cExternal/BUFFER_32                       |                2 |              8 |         4.00 |
|  CLK_IBUF_BUFG | i2cExternal/I_I2CITF/shiftreg[7]_i_1_n_0                        |                                             |                2 |              8 |         4.00 |
|  CLK_IBUF_BUFG | i2cExternal/DATA_IN[7]_i_1_n_0                                  |                                             |                3 |              8 |         2.67 |
|  CLK_IBUF_BUFG | i2cExternal/BUFFER_32[15]_i_1_n_0                               | i2cExternal/BUFFER_32                       |                4 |              8 |         2.00 |
|  CLK_IBUF_BUFG | i2cExternal/BUFFER_32                                           | i2cExternal/BUFFER_8[7]_i_1_n_0             |                1 |              8 |         8.00 |
|  CLK_IBUF_BUFG | i2cExternal/I_I2CITF/WR13_out                                   |                                             |                2 |              8 |         4.00 |
|  CLK_IBUF_BUFG | i2cExternal/I_I2CITF/address_i[7]_i_1_n_0                       |                                             |                3 |              8 |         2.67 |
|  CLK_IBUF_BUFG | i2cExternal/BUFFER_32[31]_i_1_n_0                               | i2cExternal/BUFFER_32                       |                3 |              8 |         2.67 |
|  CLK_IBUF_BUFG | pwmGen/count[6]_i_1__0_n_0                                      |                                             |                6 |             11 |         1.83 |
|  CLK_IBUF_BUFG | pwmCal/clkDivider[11]_i_2_n_0                                   | pwmCal/clkDivider[11]_i_1_n_0               |                3 |             12 |         4.00 |
|  CLK_IBUF_BUFG | DIST_MATRIX/matrixReloaded/data0_reg[7]_i_1_n_0                 | DIST_MATRIX/matrixReloaded/data0[8]_i_1_n_0 |                4 |             13 |         3.25 |
|  CLK_IBUF_BUFG | pwmCal/output[7]_i_1__1_n_0                                     |                                             |                3 |             16 |         5.33 |
|  CLK_IBUF_BUFG | DIST_MATRIX/pwmMapSlave/ch3conv                                 |                                             |               11 |             19 |         1.73 |
|  CLK_IBUF_BUFG | DIST_MATRIX/pwmMapSlave/ch2conv                                 |                                             |                7 |             20 |         2.86 |
|  CLK_IBUF_BUFG | DIST_MATRIX/pwmMapSlave/ch0conv                                 |                                             |                9 |             20 |         2.22 |
|  CLK_IBUF_BUFG | DIST_MATRIX/pwmMapSlave/ch1conv                                 |                                             |               14 |             27 |         1.93 |
| ~CLK_IBUF_BUFG | i2cExternal/WRITE_ADDRESS_reg[0]_0[0]                           |                                             |               25 |             31 |         1.24 |
| ~CLK_IBUF_BUFG | i2cExternal/WRITE_ADDRESS_reg[2]_2[0]                           |                                             |               16 |             32 |         2.00 |
| ~CLK_IBUF_BUFG | i2cExternal/WRITE_ADDRESS_reg[1]_1[0]                           |                                             |                9 |             32 |         3.56 |
| ~CLK_IBUF_BUFG | i2cExternal/WRITE_ADDRESS_reg[2]_4[0]                           |                                             |               17 |             32 |         1.88 |
| ~CLK_IBUF_BUFG | i2cExternal/WRITE_ADDRESS_reg[2]_5[0]                           |                                             |               24 |             32 |         1.33 |
| ~CLK_IBUF_BUFG | i2cExternal/WRITE_ADDRESS_reg[3]_2[0]                           |                                             |               11 |             32 |         2.91 |
| ~CLK_IBUF_BUFG | i2cExternal/WRITE_ADDRESS_reg[3]_1[0]                           |                                             |                6 |             32 |         5.33 |
| ~CLK_IBUF_BUFG | i2cExternal/WRITE_ADDRESS_reg[3]_0[0]                           |                                             |                7 |             32 |         4.57 |
| ~CLK_IBUF_BUFG | i2cExternal/WRITE_ADDRESS_reg[2]_3[0]                           |                                             |               18 |             32 |         1.78 |
| ~CLK_IBUF_BUFG | DIST_MATRIX/matrixReloaded/fpuCalculations/output[8]_i_1__0_n_0 |                                             |               17 |             32 |         1.88 |
| ~CLK_IBUF_BUFG | i2cExternal/WRITE_ADDRESS_reg[1]_0[0]                           |                                             |               15 |             32 |         2.13 |
| ~CLK_IBUF_BUFG | i2cExternal/WRITE_ADDRESS_reg[0]_5[0]                           |                                             |               10 |             32 |         3.20 |
| ~CLK_IBUF_BUFG | i2cExternal/WRITE_ADDRESS_reg[0]_4[0]                           |                                             |               10 |             32 |         3.20 |
| ~CLK_IBUF_BUFG | i2cExternal/WRITE_ADDRESS_reg[0]_1[0]                           |                                             |                8 |             32 |         4.00 |
| ~CLK_IBUF_BUFG | i2cExternal/WRITE_ADDRESS_reg[3]_4[0]                           |                                             |                7 |             32 |         4.57 |
| ~CLK_IBUF_BUFG | i2cExternal/WRITE_ADDRESS_reg[3]_5[0]                           |                                             |               17 |             32 |         1.88 |
| ~CLK_IBUF_BUFG | i2cExternal/WRITE_ADDRESS_reg[4]_1[0]                           |                                             |                9 |             32 |         3.56 |
| ~CLK_IBUF_BUFG | i2cExternal/WRITE_ADDRESS_reg[4]_2[0]                           |                                             |               18 |             32 |         1.78 |
| ~CLK_IBUF_BUFG | i2cExternal/WRITE_ADDRESS_reg[4]_3[0]                           |                                             |               17 |             32 |         1.88 |
| ~CLK_IBUF_BUFG | i2cExternal/WRITE_ADDRESS_reg[4]_4[0]                           |                                             |               11 |             32 |         2.91 |
| ~CLK_IBUF_BUFG | pidBlock/SHARED_FPU/output[8]_i_1_n_0                           |                                             |               18 |             32 |         1.78 |
| ~CLK_IBUF_BUFG | i2cExternal/WRITE_REQ_reg_2[0]                                  |                                             |                7 |             32 |         4.57 |
| ~CLK_IBUF_BUFG | i2cExternal/WRITE_ADDRESS_reg[0]_3[0]                           |                                             |               15 |             32 |         2.13 |
| ~CLK_IBUF_BUFG | i2cExternal/WRITE_ADDRESS_reg[0]_2[0]                           |                                             |               11 |             32 |         2.91 |
| ~CLK_IBUF_BUFG | i2cExternal/WRITE_REQ_reg_5[0]                                  |                                             |               20 |             32 |         1.60 |
| ~CLK_IBUF_BUFG | i2cExternal/WRITE_REQ_reg_4[0]                                  |                                             |               25 |             32 |         1.28 |
| ~CLK_IBUF_BUFG | i2cExternal/WRITE_ADDRESS_reg[5]_0[0]                           |                                             |               15 |             32 |         2.13 |
| ~CLK_IBUF_BUFG | i2cExternal/WRITE_REQ_reg_9[0]                                  |                                             |               14 |             32 |         2.29 |
| ~CLK_IBUF_BUFG | i2cExternal/WRITE_REQ_reg_8[0]                                  |                                             |               18 |             32 |         1.78 |
| ~CLK_IBUF_BUFG | i2cExternal/WRITE_ADDRESS_reg[0]_6[0]                           |                                             |               20 |             32 |         1.60 |
| ~CLK_IBUF_BUFG | i2cExternal/WRITE_REQ_reg_7[0]                                  |                                             |               18 |             32 |         1.78 |
| ~CLK_IBUF_BUFG | i2cExternal/WRITE_REQ_reg_6[0]                                  |                                             |               21 |             32 |         1.52 |
| ~CLK_IBUF_BUFG | i2cExternal/WRITE_ADDRESS_reg[4]_5[0]                           |                                             |                8 |             32 |         4.00 |
| ~CLK_IBUF_BUFG | i2cExternal/WRITE_REQ_reg_3[0]                                  |                                             |                6 |             32 |         5.33 |
| ~CLK_IBUF_BUFG | i2cExternal/WRITE_ADDRESS_reg[2]_1[0]                           |                                             |               17 |             32 |         1.88 |
| ~CLK_IBUF_BUFG | i2cExternal/WRITE_REQ_reg_10[0]                                 |                                             |                7 |             32 |         4.57 |
| ~CLK_IBUF_BUFG | i2cExternal/WRITE_REQ_reg_1[0]                                  |                                             |               12 |             32 |         2.67 |
| ~CLK_IBUF_BUFG | i2cExternal/WRITE_REQ_reg_0[0]                                  |                                             |               17 |             32 |         1.88 |
| ~CLK_IBUF_BUFG | i2cExternal/WRITE_ADDRESS_reg[4]_6[0]                           |                                             |               13 |             32 |         2.46 |
| ~CLK_IBUF_BUFG | i2cExternal/E[0]                                                |                                             |               18 |             32 |         1.78 |
| ~CLK_IBUF_BUFG | i2cExternal/WRITE_ADDRESS_reg[4]_0[0]                           |                                             |               11 |             32 |         2.91 |
| ~CLK_IBUF_BUFG | i2cExternal/WRITE_ADDRESS_reg[3]_8[0]                           |                                             |               19 |             32 |         1.68 |
| ~CLK_IBUF_BUFG | i2cExternal/WRITE_ADDRESS_reg[3]_7[0]                           |                                             |               17 |             32 |         1.88 |
| ~CLK_IBUF_BUFG | i2cExternal/WRITE_ADDRESS_reg[3]_6[0]                           |                                             |               20 |             32 |         1.60 |
| ~CLK_IBUF_BUFG | i2cExternal/WRITE_ADDRESS_reg[3]_3[0]                           |                                             |               10 |             32 |         3.20 |
| ~CLK_IBUF_BUFG | i2cExternal/WRITE_ADDRESS_reg[0]_7[0]                           |                                             |               16 |             32 |         2.00 |
| ~CLK_IBUF_BUFG | i2cExternal/WRITE_ADDRESS_reg[2]_0[0]                           |                                             |               10 |             32 |         3.20 |
|  CLK_IBUF_BUFG | pidBlock/PID_PITCH/errorAccum0                                  |                                             |               13 |             32 |         2.46 |
|  CLK_IBUF_BUFG | pidBlock/PID_YAW/Result0                                        |                                             |               14 |             32 |         2.29 |
|  CLK_IBUF_BUFG | pidBlock/PID_YAW/error0                                         |                                             |               12 |             32 |         2.67 |
|  CLK_IBUF_BUFG | pidBlock/PID_YAW/errorAccum0                                    |                                             |               12 |             32 |         2.67 |
|  CLK_IBUF_BUFG | pidBlock/PID_ALTITUDE/temp0                                     |                                             |                8 |             32 |         4.00 |
|  CLK_IBUF_BUFG | pidBlock/PID_ALTITUDE/rp0                                       |                                             |                9 |             32 |         3.56 |
|  CLK_IBUF_BUFG | pidBlock/PID_ALTITUDE/ri0                                       |                                             |                7 |             32 |         4.57 |
|  CLK_IBUF_BUFG | pidBlock/PID_ALTITUDE/rd0                                       |                                             |                7 |             32 |         4.57 |
|  CLK_IBUF_BUFG | pidBlock/PID_ALTITUDE/prevError[8]_i_1__2_n_0                   |                                             |                7 |             32 |         4.57 |
|  CLK_IBUF_BUFG | pidBlock/PID_ALTITUDE/Result0                                   |                                             |               13 |             32 |         2.46 |
|  CLK_IBUF_BUFG | pidBlock/PID_ALTITUDE/errorAccum0                               |                                             |               10 |             32 |         3.20 |
|  CLK_IBUF_BUFG | pidBlock/PID_ALTITUDE/error0                                    |                                             |                8 |             32 |         4.00 |
|  CLK_IBUF_BUFG | DIST_MATRIX/matrixReloaded/tempRes                              |                                             |               12 |             32 |         2.67 |
|  CLK_IBUF_BUFG | pidBlock/PID_PITCH/error0                                       |                                             |               14 |             32 |         2.29 |
|  CLK_IBUF_BUFG | pidBlock/PID_PITCH/Result0                                      |                                             |               16 |             32 |         2.00 |
|  CLK_IBUF_BUFG | pidBlock/PID_ROLL/error0                                        |                                             |               18 |             32 |         1.78 |
|  CLK_IBUF_BUFG | pidBlock/PID_ROLL/errorAccum0                                   |                                             |               19 |             32 |         1.68 |
|  CLK_IBUF_BUFG | pidBlock/PID_ROLL/Result0                                       |                                             |               15 |             32 |         2.13 |
|  CLK_IBUF_BUFG | pidBlock/PID_ROLL/prevError0                                    |                                             |               18 |             32 |         1.78 |
|  CLK_IBUF_BUFG | pidBlock/PID_ROLL/rd0                                           |                                             |               16 |             32 |         2.00 |
|  CLK_IBUF_BUFG | pidBlock/PID_ROLL/ri0                                           |                                             |               17 |             32 |         1.88 |
|  CLK_IBUF_BUFG | pidBlock/PID_ROLL/rp0                                           |                                             |               20 |             32 |         1.60 |
|  CLK_IBUF_BUFG | pidBlock/PID_ROLL/temp0                                         |                                             |               17 |             32 |         1.88 |
|  CLK_IBUF_BUFG | DIST_MATRIX/matrixReloaded/ch3[8]_i_1_n_0                       |                                             |               16 |             32 |         2.00 |
|  CLK_IBUF_BUFG | DIST_MATRIX/matrixReloaded/ch1[8]_i_1_n_0                       |                                             |               11 |             32 |         2.91 |
|  CLK_IBUF_BUFG | DIST_MATRIX/matrixReloaded/ch0[8]_i_1_n_0                       |                                             |               14 |             32 |         2.29 |
|  CLK_IBUF_BUFG | DIST_MATRIX/matrixReloaded/c3                                   |                                             |               16 |             32 |         2.00 |
|  CLK_IBUF_BUFG | DIST_MATRIX/matrixReloaded/c2                                   |                                             |               20 |             32 |         1.60 |
|  CLK_IBUF_BUFG | DIST_MATRIX/matrixReloaded/c1                                   |                                             |               20 |             32 |         1.60 |
|  CLK_IBUF_BUFG | DIST_MATRIX/matrixReloaded/c0                                   |                                             |               14 |             32 |         2.29 |
|  CLK_IBUF_BUFG | DIST_MATRIX/pwmMapSlave/FSM_onehot_switch_reg_n_0_[2]           |                                             |               13 |             32 |         2.46 |
|  CLK_IBUF_BUFG | DIST_MATRIX/matrixReloaded/ch2[8]_i_1_n_0                       |                                             |               12 |             32 |         2.67 |
|  CLK_IBUF_BUFG | pidBlock/PID_PITCH/temp0                                        |                                             |               11 |             32 |         2.91 |
|  CLK_IBUF_BUFG | pidBlock/PID_PITCH/rp0                                          |                                             |               10 |             32 |         3.20 |
|  CLK_IBUF_BUFG | pidBlock/PID_PITCH/rd0                                          |                                             |               13 |             32 |         2.46 |
|  CLK_IBUF_BUFG | pidBlock/PID_PITCH/ri0                                          |                                             |               13 |             32 |         2.46 |
|  CLK_IBUF_BUFG | pidBlock/PID_PITCH/prevError0                                   |                                             |               14 |             32 |         2.29 |
|  CLK_IBUF_BUFG | pidBlock/PID_YAW/prevError0                                     |                                             |               13 |             32 |         2.46 |
|  CLK_IBUF_BUFG | pidBlock/PID_YAW/rd0                                            |                                             |               15 |             32 |         2.13 |
|  CLK_IBUF_BUFG | pidBlock/PID_YAW/ri0                                            |                                             |               14 |             32 |         2.29 |
|  CLK_IBUF_BUFG | pidBlock/PID_YAW/rp0                                            |                                             |               12 |             32 |         2.67 |
|  CLK_IBUF_BUFG | pidBlock/PID_YAW/temp0                                          |                                             |               13 |             32 |         2.46 |
| ~CLK_IBUF_BUFG |                                                                 |                                             |               11 |             33 |         3.00 |
|  CLK_IBUF_BUFG | i2cExternal/WRITE_ADDRESS[7]_i_2_n_0                            | i2cExternal/WRITE_REQ5_out                  |                9 |             40 |         4.44 |
|  CLK_IBUF_BUFG | DIST_MATRIX/matrixReloaded/data0_reg[7]_i_1_n_0                 |                                             |               24 |             53 |         2.21 |
|  CLK_IBUF_BUFG | pidBlock/PID_ROLL/fpuVal0_reg0                                  |                                             |               39 |             66 |         1.69 |
|  CLK_IBUF_BUFG | pidBlock/PID_PITCH/fpuVal0_reg0                                 |                                             |               37 |             66 |         1.78 |
|  CLK_IBUF_BUFG | pidBlock/PID_YAW/fpuVal0_reg0                                   |                                             |               36 |             66 |         1.83 |
|  CLK_IBUF_BUFG | pidBlock/PID_ALTITUDE/fpuVal0[8]_i_1__2_n_0                     |                                             |               38 |             66 |         1.74 |
|  CLK_IBUF_BUFG |                                                                 |                                             |               58 |            135 |         2.33 |
+----------------+-----------------------------------------------------------------+---------------------------------------------+------------------+----------------+--------------+


