#-----------------------------------------------------------
# Vivado v2023.1.1 (64-bit)
# SW Build 3900603 on Fri Jun 16 19:30:25 MDT 2023
# IP Build 3900379 on Sat Jun 17 05:28:05 MDT 2023
# SharedData Build 3899622 on Fri Jun 16 03:34:24 MDT 2023
# Start of session at: Wed Dec  6 11:09:24 2023
# Process ID: 42106
# Current directory: /home/mikkel/repoes/ESD3/ESD3-Projekt/integration/integration_i2c_pwmGen_pwmCal_mem.runs/impl_1
# Command line: vivado -log flightController.vdi -applog -product Vivado -messageDb vivado.pb -mode batch -source flightController.tcl -notrace
# Log file: /home/mikkel/repoes/ESD3/ESD3-Projekt/integration/integration_i2c_pwmGen_pwmCal_mem.runs/impl_1/flightController.vdi
# Journal file: /home/mikkel/repoes/ESD3/ESD3-Projekt/integration/integration_i2c_pwmGen_pwmCal_mem.runs/impl_1/vivado.jou
# Running On: Mikkel-laptop, OS: Linux, CPU Frequency: 2816.389 MHz, CPU Physical cores: 4, Host memory: 16695 MB
#-----------------------------------------------------------
source flightController.tcl -notrace
