#-----------------------------------------------------------
# Vivado v2023.1 (64-bit)
# SW Build 3865809 on Sun May  7 15:05:29 MDT 2023
# IP Build 3864474 on Sun May  7 20:36:21 MDT 2023
# SharedData Build 3865790 on Sun May 07 13:33:03 MDT 2023
# Start of session at: Fri Dec  8 10:39:55 2023
# Process ID: 42400
# Current directory: C:/Users/Christian Lykke/Documents/Skole/Aalborg Universitet/ESD3/ESD3-Projekt/integration
# Command line: vivado.exe -gui_launcher_event rodinguilauncherevent44100 C:\Users\Christian Lykke\Documents\Skole\Aalborg Universitet\ESD3\ESD3-Projekt\integration\integration_i2c_pwmGen_pwmCal_mem.xpr
# Log file: C:/Users/Christian Lykke/Documents/Skole/Aalborg Universitet/ESD3/ESD3-Projekt/integration/vivado.log
# Journal file: C:/Users/Christian Lykke/Documents/Skole/Aalborg Universitet/ESD3/ESD3-Projekt/integration\vivado.jou
# Running On: LAPTOP-RKFHNDQJ, OS: Windows, CPU Frequency: 2808 MHz, CPU Physical cores: 4, Host memory: 34246 MB
#-----------------------------------------------------------
start_gui
open_project {C:/Users/Christian Lykke/Documents/Skole/Aalborg Universitet/ESD3/ESD3-Projekt/integration/integration_i2c_pwmGen_pwmCal_mem.xpr}
update_compile_order -fileset sources_1
reset_run synth_1
launch_runs impl_1 -to_step write_bitstream -jobs 4
wait_on_run impl_1
open_hw_manager
connect_hw_server -allow_non_jtag
open_hw_target
set_property PROGRAM.FILE {C:/Users/Christian Lykke/Documents/Skole/Aalborg Universitet/ESD3/ESD3-Projekt/integration/integration_i2c_pwmGen_pwmCal_mem.runs/impl_1/flightController.bit} [get_hw_devices xc7a35t_0]
current_hw_device [get_hw_devices xc7a35t_0]
refresh_hw_device -update_hw_probes false [lindex [get_hw_devices xc7a35t_0] 0]
set_property PROBES.FILE {} [get_hw_devices xc7a35t_0]
set_property FULL_PROBES.FILE {} [get_hw_devices xc7a35t_0]
set_property PROGRAM.FILE {C:/Users/Christian Lykke/Documents/Skole/Aalborg Universitet/ESD3/ESD3-Projekt/integration/integration_i2c_pwmGen_pwmCal_mem.runs/impl_1/flightController.bit} [get_hw_devices xc7a35t_0]
program_hw_devices [get_hw_devices xc7a35t_0]
refresh_hw_device [lindex [get_hw_devices xc7a35t_0] 0]
set_property PROBES.FILE {} [get_hw_devices xc7a35t_0]
set_property FULL_PROBES.FILE {} [get_hw_devices xc7a35t_0]
set_property PROGRAM.FILE {C:/Users/Christian Lykke/Documents/Skole/Aalborg Universitet/ESD3/ESD3-Projekt/integration/integration_i2c_pwmGen_pwmCal_mem.runs/impl_1/flightController.bit} [get_hw_devices xc7a35t_0]
program_hw_devices [get_hw_devices xc7a35t_0]
refresh_hw_device [lindex [get_hw_devices xc7a35t_0] 0]
reset_run synth_1
launch_runs impl_1 -to_step write_bitstream -jobs 8
wait_on_run impl_1
set_property PROBES.FILE {} [get_hw_devices xc7a35t_0]
set_property FULL_PROBES.FILE {} [get_hw_devices xc7a35t_0]
set_property PROGRAM.FILE {C:/Users/Christian Lykke/Documents/Skole/Aalborg Universitet/ESD3/ESD3-Projekt/integration/integration_i2c_pwmGen_pwmCal_mem.runs/impl_1/flightController.bit} [get_hw_devices xc7a35t_0]
program_hw_devices [get_hw_devices xc7a35t_0]
refresh_hw_device [lindex [get_hw_devices xc7a35t_0] 0]
set_property PROBES.FILE {} [get_hw_devices xc7a35t_0]
set_property FULL_PROBES.FILE {} [get_hw_devices xc7a35t_0]
set_property PROGRAM.FILE {C:/Users/Christian Lykke/Documents/Skole/Aalborg Universitet/ESD3/ESD3-Projekt/integration/integration_i2c_pwmGen_pwmCal_mem.runs/impl_1/flightController.bit} [get_hw_devices xc7a35t_0]
program_hw_devices [get_hw_devices xc7a35t_0]
refresh_hw_device [lindex [get_hw_devices xc7a35t_0] 0]
reset_run impl_1 -prev_step 
launch_runs impl_1 -to_step write_bitstream -jobs 8
wait_on_run impl_1
set_property PROBES.FILE {} [get_hw_devices xc7a35t_0]
set_property FULL_PROBES.FILE {} [get_hw_devices xc7a35t_0]
set_property PROGRAM.FILE {C:/Users/Christian Lykke/Documents/Skole/Aalborg Universitet/ESD3/ESD3-Projekt/integration/integration_i2c_pwmGen_pwmCal_mem.runs/impl_1/flightController.bit} [get_hw_devices xc7a35t_0]
program_hw_devices [get_hw_devices xc7a35t_0]
refresh_hw_device [lindex [get_hw_devices xc7a35t_0] 0]
reset_run synth_1
launch_runs impl_1 -to_step write_bitstream -jobs 8
wait_on_run impl_1
set_property PROBES.FILE {} [get_hw_devices xc7a35t_0]
set_property FULL_PROBES.FILE {} [get_hw_devices xc7a35t_0]
set_property PROGRAM.FILE {C:/Users/Christian Lykke/Documents/Skole/Aalborg Universitet/ESD3/ESD3-Projekt/integration/integration_i2c_pwmGen_pwmCal_mem.runs/impl_1/flightController.bit} [get_hw_devices xc7a35t_0]
program_hw_devices [get_hw_devices xc7a35t_0]
refresh_hw_device [lindex [get_hw_devices xc7a35t_0] 0]
set_property PROBES.FILE {} [get_hw_devices xc7a35t_0]
set_property FULL_PROBES.FILE {} [get_hw_devices xc7a35t_0]
set_property PROGRAM.FILE {C:/Users/Christian Lykke/Documents/Skole/Aalborg Universitet/ESD3/ESD3-Projekt/integration/integration_i2c_pwmGen_pwmCal_mem.runs/impl_1/flightController.bit} [get_hw_devices xc7a35t_0]
program_hw_devices [get_hw_devices xc7a35t_0]
refresh_hw_device [lindex [get_hw_devices xc7a35t_0] 0]
set_property PROBES.FILE {} [get_hw_devices xc7a35t_0]
set_property FULL_PROBES.FILE {} [get_hw_devices xc7a35t_0]
set_property PROGRAM.FILE {C:/Users/Christian Lykke/Documents/Skole/Aalborg Universitet/ESD3/ESD3-Projekt/integration/integration_i2c_pwmGen_pwmCal_mem.runs/impl_1/flightController.bit} [get_hw_devices xc7a35t_0]
program_hw_devices [get_hw_devices xc7a35t_0]
refresh_hw_device [lindex [get_hw_devices xc7a35t_0] 0]
set_property PROBES.FILE {} [get_hw_devices xc7a35t_0]
set_property FULL_PROBES.FILE {} [get_hw_devices xc7a35t_0]
set_property PROGRAM.FILE {C:/Users/Christian Lykke/Documents/Skole/Aalborg Universitet/ESD3/ESD3-Projekt/integration/integration_i2c_pwmGen_pwmCal_mem.runs/impl_1/flightController.bit} [get_hw_devices xc7a35t_0]
program_hw_devices [get_hw_devices xc7a35t_0]
refresh_hw_device [lindex [get_hw_devices xc7a35t_0] 0]
reset_run impl_1 -prev_step 
launch_runs impl_1 -to_step write_bitstream -jobs 8
wait_on_run impl_1
set_property PROBES.FILE {} [get_hw_devices xc7a35t_0]
set_property FULL_PROBES.FILE {} [get_hw_devices xc7a35t_0]
set_property PROGRAM.FILE {C:/Users/Christian Lykke/Documents/Skole/Aalborg Universitet/ESD3/ESD3-Projekt/integration/integration_i2c_pwmGen_pwmCal_mem.runs/impl_1/flightController.bit} [get_hw_devices xc7a35t_0]
program_hw_devices [get_hw_devices xc7a35t_0]
refresh_hw_device [lindex [get_hw_devices xc7a35t_0] 0]
reset_run synth_1
launch_runs impl_1 -to_step write_bitstream -jobs 8
wait_on_run impl_1
set_property PROBES.FILE {} [get_hw_devices xc7a35t_0]
set_property FULL_PROBES.FILE {} [get_hw_devices xc7a35t_0]
set_property PROGRAM.FILE {C:/Users/Christian Lykke/Documents/Skole/Aalborg Universitet/ESD3/ESD3-Projekt/integration/integration_i2c_pwmGen_pwmCal_mem.runs/impl_1/flightController.bit} [get_hw_devices xc7a35t_0]
program_hw_devices [get_hw_devices xc7a35t_0]
refresh_hw_device [lindex [get_hw_devices xc7a35t_0] 0]
reset_run impl_1 -prev_step 
launch_runs impl_1 -to_step write_bitstream -jobs 8
wait_on_run impl_1
set_property PROBES.FILE {} [get_hw_devices xc7a35t_0]
set_property FULL_PROBES.FILE {} [get_hw_devices xc7a35t_0]
set_property PROGRAM.FILE {C:/Users/Christian Lykke/Documents/Skole/Aalborg Universitet/ESD3/ESD3-Projekt/integration/integration_i2c_pwmGen_pwmCal_mem.runs/impl_1/flightController.bit} [get_hw_devices xc7a35t_0]
program_hw_devices [get_hw_devices xc7a35t_0]
refresh_hw_device [lindex [get_hw_devices xc7a35t_0] 0]
reset_run synth_1
launch_runs impl_1 -to_step write_bitstream -jobs 8
wait_on_run impl_1
reset_run impl_1
reset_run synth_1
launch_runs impl_1 -to_step write_bitstream -jobs 8
wait_on_run impl_1
reset_run impl_1
reset_run synth_1
launch_runs impl_1 -to_step write_bitstream -jobs 8
wait_on_run impl_1
set_property PROBES.FILE {} [get_hw_devices xc7a35t_0]
set_property FULL_PROBES.FILE {} [get_hw_devices xc7a35t_0]
set_property PROGRAM.FILE {C:/Users/Christian Lykke/Documents/Skole/Aalborg Universitet/ESD3/ESD3-Projekt/integration/integration_i2c_pwmGen_pwmCal_mem.runs/impl_1/flightController.bit} [get_hw_devices xc7a35t_0]
program_hw_devices [get_hw_devices xc7a35t_0]
refresh_hw_device [lindex [get_hw_devices xc7a35t_0] 0]
set_property PROBES.FILE {} [get_hw_devices xc7a35t_0]
set_property FULL_PROBES.FILE {} [get_hw_devices xc7a35t_0]
set_property PROGRAM.FILE {C:/Users/Christian Lykke/Documents/Skole/Aalborg Universitet/ESD3/ESD3-Projekt/integration/integration_i2c_pwmGen_pwmCal_mem.runs/impl_1/flightController.bit} [get_hw_devices xc7a35t_0]
program_hw_devices [get_hw_devices xc7a35t_0]
refresh_hw_device [lindex [get_hw_devices xc7a35t_0] 0]
set_property PROBES.FILE {} [get_hw_devices xc7a35t_0]
set_property FULL_PROBES.FILE {} [get_hw_devices xc7a35t_0]
set_property PROGRAM.FILE {C:/Users/Christian Lykke/Documents/Skole/Aalborg Universitet/ESD3/ESD3-Projekt/integration/integration_i2c_pwmGen_pwmCal_mem.runs/impl_1/flightController.bit} [get_hw_devices xc7a35t_0]
program_hw_devices [get_hw_devices xc7a35t_0]
refresh_hw_device [lindex [get_hw_devices xc7a35t_0] 0]
reset_run impl_1 -prev_step 
launch_runs impl_1 -to_step write_bitstream -jobs 8
wait_on_run impl_1
reset_run impl_1 -prev_step 
reset_run synth_1
launch_runs impl_1 -to_step write_bitstream -jobs 8
wait_on_run impl_1
set_property PROBES.FILE {} [get_hw_devices xc7a35t_0]
set_property FULL_PROBES.FILE {} [get_hw_devices xc7a35t_0]
set_property PROGRAM.FILE {C:/Users/Christian Lykke/Documents/Skole/Aalborg Universitet/ESD3/ESD3-Projekt/integration/integration_i2c_pwmGen_pwmCal_mem.runs/impl_1/flightController.bit} [get_hw_devices xc7a35t_0]
program_hw_devices [get_hw_devices xc7a35t_0]
refresh_hw_device [lindex [get_hw_devices xc7a35t_0] 0]
reset_run impl_1 -prev_step 
launch_runs impl_1 -to_step write_bitstream -jobs 8
wait_on_run impl_1
set_property PROBES.FILE {} [get_hw_devices xc7a35t_0]
set_property FULL_PROBES.FILE {} [get_hw_devices xc7a35t_0]
set_property PROGRAM.FILE {C:/Users/Christian Lykke/Documents/Skole/Aalborg Universitet/ESD3/ESD3-Projekt/integration/integration_i2c_pwmGen_pwmCal_mem.runs/impl_1/flightController.bit} [get_hw_devices xc7a35t_0]
program_hw_devices [get_hw_devices xc7a35t_0]
refresh_hw_device [lindex [get_hw_devices xc7a35t_0] 0]
reset_run synth_1
launch_runs impl_1 -to_step write_bitstream -jobs 8
wait_on_run impl_1
set_property PROBES.FILE {} [get_hw_devices xc7a35t_0]
set_property FULL_PROBES.FILE {} [get_hw_devices xc7a35t_0]
set_property PROGRAM.FILE {C:/Users/Christian Lykke/Documents/Skole/Aalborg Universitet/ESD3/ESD3-Projekt/integration/integration_i2c_pwmGen_pwmCal_mem.runs/impl_1/flightController.bit} [get_hw_devices xc7a35t_0]
program_hw_devices [get_hw_devices xc7a35t_0]
refresh_hw_device [lindex [get_hw_devices xc7a35t_0] 0]
reset_run impl_1 -prev_step 
launch_runs impl_1 -to_step write_bitstream -jobs 8
wait_on_run impl_1
set_property PROBES.FILE {} [get_hw_devices xc7a35t_0]
set_property FULL_PROBES.FILE {} [get_hw_devices xc7a35t_0]
set_property PROGRAM.FILE {C:/Users/Christian Lykke/Documents/Skole/Aalborg Universitet/ESD3/ESD3-Projekt/integration/integration_i2c_pwmGen_pwmCal_mem.runs/impl_1/flightController.bit} [get_hw_devices xc7a35t_0]
program_hw_devices [get_hw_devices xc7a35t_0]
refresh_hw_device [lindex [get_hw_devices xc7a35t_0] 0]
