#-----------------------------------------------------------
# Vivado v2023.2 (64-bit)
# SW Build 4029153 on Fri Oct 13 20:14:34 MDT 2023
# IP Build 4028589 on Sat Oct 14 00:45:43 MDT 2023
# SharedData Build 4025554 on Tue Oct 10 17:18:54 MDT 2023
# Start of session at: Wed Nov 29 11:52:47 2023
# Process ID: 29416
# Current directory: C:/Users/Ditte/aauRepo/esd3/project/ESD3-Projekt/distMatrix
# Command line: vivado.exe -gui_launcher_event rodinguilauncherevent28080 C:\Users\Ditte\aauRepo\esd3\project\ESD3-Projekt\distMatrix\distMatrix.xpr
# Log file: C:/Users/Ditte/aauRepo/esd3/project/ESD3-Projekt/distMatrix/vivado.log
# Journal file: C:/Users/Ditte/aauRepo/esd3/project/ESD3-Projekt/distMatrix\vivado.jou
# Running On: DippeePrime, OS: Windows, CPU Frequency: 3110 MHz, CPU Physical cores: 12, Host memory: 16892 MB
#-----------------------------------------------------------
start_gui
open_project C:/Users/Ditte/aauRepo/esd3/project/ESD3-Projekt/distMatrix/distMatrix.xpr
update_compile_order -fileset sources_1
close [ open C:/Users/Ditte/aauRepo/esd3/project/ESD3-Projekt/distMatrix/distMatrix.srcs/sources_1/new/pwmMap.vhd w ]
add_files C:/Users/Ditte/aauRepo/esd3/project/ESD3-Projekt/distMatrix/distMatrix.srcs/sources_1/new/pwmMap.vhd
update_compile_order -fileset sources_1
update_compile_order -fileset sources_1
