#-----------------------------------------------------------
# Vivado v2023.1 (64-bit)
# SW Build 3865809 on Sun May  7 15:05:29 MDT 2023
# IP Build 3864474 on Sun May  7 20:36:21 MDT 2023
# SharedData Build 3865790 on Sun May 07 13:33:03 MDT 2023
# Start of session at: Sun Oct 29 20:04:14 2023
# Process ID: 8904
# Current directory: C:/Users/Ditte/repo/esd3/project/ESD3-Projekt/PWM_cal2.0
# Command line: vivado.exe -gui_launcher_event rodinguilauncherevent2120 C:\Users\Ditte\repo\esd3\project\ESD3-Projekt\PWM_cal2.0\PWM_cal2.0.xpr
# Log file: C:/Users/Ditte/repo/esd3/project/ESD3-Projekt/PWM_cal2.0/vivado.log
# Journal file: C:/Users/Ditte/repo/esd3/project/ESD3-Projekt/PWM_cal2.0\vivado.jou
# Running On: DippeePrime, OS: Windows, CPU Frequency: 3110 MHz, CPU Physical cores: 12, Host memory: 16892 MB
#-----------------------------------------------------------
start_gui
open_project C:/Users/Ditte/repo/esd3/project/ESD3-Projekt/PWM_cal2.0/PWM_cal2.0.xpr
launch_simulation
source top2.tcl
restart
add_force {/top2/CLK} -radix bin {1 0ns} {0 1950000ps} -repeat_every 3900000ps
run 2 s
restart
add_force {/top2/ready} -radix bin {1 0ns}
run 2 s
restart
add_force {/top2/CLK} -radix bin {1 0ns} {0 1950000ps} -repeat_every 3900000ps
add_force {/top2/ready} -radix bin {1 0ns}
run 2 s
close_sim
launch_simulation
source top2.tcl
restart
add_force {/top2/ready} -radix bin {1 0ns}
add_force {/top2/CLK} -radix bin {1 0ns} {0 1950000ps} -repeat_every 3900000ps
run 2 s
close_sim
launch_simulation
source top2.tcl
restart
add_force {/top2/ready} -radix bin {1 0ns}
add_force {/top2/CLK} -radix bin {1 0ns} {0 50000ps} -repeat_every 100000ps
run 2 s
close_sim
launch_simulation
source top2.tcl
restart
add_force {/top2/ready} -radix bin {1 0ns}
add_force {/top2/CLK} -radix bin {1 0ns} {0 1950000ps} -repeat_every 3900000ps
run 2 s
run 2 s
run 2 s
run 2 s
close_sim
launch_simulation
source top2.tcl
restart
add_force {/top2/ready} -radix bin {1 0ns}
add_force {/top2/CLK} -radix bin {1 0ns} {0 1950000ps} -repeat_every 3900000ps
run 2 s
close_sim
launch_simulation
source top2.tcl
restart
add_force {/top2/ready} -radix bin {1 0ns}
add_force {/top2/CLK} -radix bin {1 0ns} {0 1950000ps} -repeat_every 3900000ps
run 2 s
run 2 s
run 2 s
close_sim
